Component: ARM Compiler 5.06 update 6 (build 750) Tool: armlink [4d35ed]

==============================================================================

Section Cross References

    main.o(i.Control_Notify) refers to main.o(.data) for gear_close
    main.o(i.Control_Notify) refers to time.o(.data) for ServoPwmDuty
    main.o(i.OpenMv_left) refers to usart.o(i.UART4_Receive_Data) for UART4_Receive_Data
    main.o(i.OpenMv_left) refers to main.o(.bss) for uart4buf
    main.o(i.OpenMv_left) refers to main.o(.data) for gear_close
    main.o(i.OpenMv_left) refers to time.o(.data) for ServoPwmDuty
    main.o(i.OpenMv_right) refers to main.o(.data) for flag_right_mv
    main.o(i.OpenMv_right) refers to usart.o(.data) for Remote_data5
    main.o(i.OpenMv_right) refers to time.o(.data) for ServoPwmDuty
    main.o(i.SetPWM_Position_ZF) refers to control.o(i.left1_z) for left1_z
    main.o(i.SetPWM_Position_ZF) refers to control.o(i.left1_f) for left1_f
    main.o(i.SetPWM_Position_ZF) refers to control.o(i.left2_z) for left2_z
    main.o(i.SetPWM_Position_ZF) refers to control.o(i.left2_f) for left2_f
    main.o(i.SetPWM_Position_ZF) refers to control.o(i.right2_z) for right2_z
    main.o(i.SetPWM_Position_ZF) refers to control.o(i.right2_f) for right2_f
    main.o(i.SetPWM_Position_ZF) refers to control.o(i.right1_z) for right1_z
    main.o(i.SetPWM_Position_ZF) refers to control.o(i.right1_f) for right1_f
    main.o(i.TIM6_IRQHandler) refers to stm32f10x_tim.o(i.TIM_GetITStatus) for TIM_GetITStatus
    main.o(i.TIM6_IRQHandler) refers to main.o(i.Yaw_angle) for Yaw_angle
    main.o(i.TIM6_IRQHandler) refers to method_control.o(i.judge_1) for judge_1
    main.o(i.TIM6_IRQHandler) refers to method_control.o(i.goo) for goo
    main.o(i.TIM6_IRQHandler) refers to faddsub_clz.o(x$fpl$fadd) for __aeabi_fadd
    main.o(i.TIM6_IRQHandler) refers to faddsub_clz.o(x$fpl$fsub) for __aeabi_fsub
    main.o(i.TIM6_IRQHandler) refers to dflt_clz.o(x$fpl$dflt) for __aeabi_i2d
    main.o(i.TIM6_IRQHandler) refers to drleqf.o(x$fpl$drleqf) for __aeabi_cdrcmple
    main.o(i.TIM6_IRQHandler) refers to pid_szj.o(i.gogogo_test) for gogogo_test
    main.o(i.TIM6_IRQHandler) refers to time.o(i.Read_Velocity) for Read_Velocity
    main.o(i.TIM6_IRQHandler) refers to ddiv.o(x$fpl$ddiv) for __aeabi_ddiv
    main.o(i.TIM6_IRQHandler) refers to d2f.o(x$fpl$d2f) for __aeabi_d2f
    main.o(i.TIM6_IRQHandler) refers to stm32f10x_tim.o(i.TIM_ClearITPendingBit) for TIM_ClearITPendingBit
    main.o(i.TIM6_IRQHandler) refers to main.o(.data) for mv
    main.o(i.TIM6_IRQHandler) refers to pid_szj.o(.data) for TargetVelocity
    main.o(i.TIM6_IRQHandler) refers to usart.o(.data) for angle
    main.o(i.TIM6_IRQHandler) refers to method_control.o(.data) for Vel_SZJ
    main.o(i.TIM6_IRQHandler) refers to time.o(.data) for Rotate1
    main.o(i.Yaw_angle) refers to usart.o(i.USART3_Receive_Data) for USART3_Receive_Data
    main.o(i.Yaw_angle) refers to fflt_clz.o(x$fpl$fflt) for __aeabi_i2f
    main.o(i.Yaw_angle) refers to f2d.o(x$fpl$f2d) for __aeabi_f2d
    main.o(i.Yaw_angle) refers to ddiv.o(x$fpl$ddiv) for __aeabi_ddiv
    main.o(i.Yaw_angle) refers to dmul.o(x$fpl$dmul) for __aeabi_dmul
    main.o(i.Yaw_angle) refers to d2f.o(x$fpl$d2f) for __aeabi_d2f
    main.o(i.Yaw_angle) refers to fleqf.o(x$fpl$fleqf) for __aeabi_cfcmple
    main.o(i.Yaw_angle) refers to faddsub_clz.o(x$fpl$fadd) for __aeabi_fadd
    main.o(i.Yaw_angle) refers to main.o(.bss) for uart3buf
    main.o(i.Yaw_angle) refers to usart.o(.data) for angle
    main.o(i.color_1) refers to stm32f10x_usart.o(i.USART_SendData) for USART_SendData
    main.o(i.color_1) refers to main.o(.data) for N
    main.o(i.go_into_end) refers to control.o(i.go) for go
    main.o(i.go_into_end) refers to control.o(i.back) for back
    main.o(i.go_into_end) refers to main.o(.data) for flag_Dir
    main.o(i.lvbo_1) refers to frleqf.o(x$fpl$frleqf) for __aeabi_cfrcmple
    main.o(i.main) refers to delay.o(i.delay_init) for delay_init
    main.o(i.main) refers to sys.o(i.NVIC_Configuration) for NVIC_Configuration
    main.o(i.main) refers to usart.o(i.uart_IMU_init) for uart_IMU_init
    main.o(i.main) refers to usart.o(i.DMA_Receive_init) for DMA_Receive_init
    main.o(i.main) refers to usart.o(i.uart_OpenMv_init) for uart_OpenMv_init
    main.o(i.main) refers to usart.o(i.DMA2_Receive_init) for DMA2_Receive_init
    main.o(i.main) refers to usart.o(i.uart_5) for uart_5
    main.o(i.main) refers to time.o(i.TIM1_Init) for TIM1_Init
    main.o(i.main) refers to time.o(i.KEY_Init) for KEY_Init
    main.o(i.main) refers to control.o(i.GPIO_Init_01) for GPIO_Init_01
    main.o(i.main) refers to time.o(i.TIM6_Int_Init) for TIM6_Int_Init
    main.o(i.main) refers to time.o(i.TIM2_Int_Init) for TIM2_Int_Init
    main.o(i.main) refers to time.o(i.TIM3_Int_Init) for TIM3_Int_Init
    main.o(i.main) refers to time.o(i.TIM4_Int_Init) for TIM4_Int_Init
[...]
    PWM_D                                    0x200003f8   Data           4  pid_szj.o(.data)
    .data                                    0x200003fc   Section       20  stm32f10x_rcc.o(.data)
    APBAHBPrescTable                         0x200003fc   Data          16  stm32f10x_rcc.o(.data)
    ADCPrescTable                            0x2000040c   Data           4  stm32f10x_rcc.o(.data)
    .data                                    0x20000410   Section        4  delay.o(.data)
    fac_us                                   0x20000410   Data           1  delay.o(.data)
    fac_ms                                   0x20000412   Data           2  delay.o(.data)
    .data                                    0x20000414   Section       48  usart.o(.data)
    num                                      0x20000440   Data           4  usart.o(.data)
    .bss                                     0x20000444   Section      152  main.o(.bss)
    .bss                                     0x200004dc   Section       32  pid_szj.o(.bss)
    PWM_P                                    0x200004ec   Data          16  pid_szj.o(.bss)
    .bss                                     0x200004fc   Section     5100  usart.o(.bss)
    .bss                                     0x200018e8   Section       96  libspace.o(.bss)
    HEAP                                     0x20001948   Section      512  startup_stm32f10x_hd.o(HEAP)
    Heap_Mem                                 0x20001948   Data         512  startup_stm32f10x_hd.o(HEAP)
    STACK                                    0x20001b48   Section     1024  startup_stm32f10x_hd.o(STACK)
    Stack_Mem                                0x20001b48   Data        1024  startup_stm32f10x_hd.o(STACK)
    __initial_sp                             0x20001f48   Data           0  startup_stm32f10x_hd.o(STACK)

    Global Symbols

    Symbol Name                              Value     Ov Type        Size  Object(Section)

    BuildAttributes$$THM_ISAv4$P$D$K$B$S$PE$A:L22UL41UL21$X:L11$S22US41US21$IEEE1$IW$USESV6$~STKCKD$USESV7$~SHL$OTIME$ROPI$EBA8$UX$STANDARDLIB$REQ8$PRES8$EABIv2 0x00000000   Number         0  anon$$obj.o ABSOLUTE
    __ARM_use_no_argv                        0x00000000   Number         0  main.o ABSOLUTE
    __ARM_exceptions_init                     - Undefined Weak Reference
    __alloca_initialize                       - Undefined Weak Reference
    __arm_preinit_                            - Undefined Weak Reference
    __cpp_initialize__aeabi_                  - Undefined Weak Reference
    __cxa_finalize                            - Undefined Weak Reference
    __rt_locale                               - Undefined Weak Reference
    __sigvec_lookup                           - Undefined Weak Reference
    __user_heap_extent                        - Undefined Weak Reference
    _atexit_init                              - Undefined Weak Reference
    _call_atexit_fns                          - Undefined Weak Reference
    _clock_init                               - Undefined Weak Reference
    _fp_trap_init                             - Undefined Weak Reference
    _fp_trap_shutdown                         - Undefined Weak Reference
    _get_lc_collate                           - Undefined Weak Reference
    _get_lc_ctype                             - Undefined Weak Reference
    _get_lc_monetary                          - Undefined Weak Reference
    _get_lc_numeric                           - Undefined Weak Reference
    _get_lc_time                              - Undefined Weak Reference
    _getenv_init                              - Undefined Weak Reference
    _handle_redirection                       - Undefined Weak Reference
    _initio                                   - Undefined Weak Reference
    _mutex_acquire                            - Undefined Weak Reference
    _mutex_free                               - Undefined Weak Reference
    _mutex_release                            - Undefined Weak Reference
    _rand_init                                - Undefined Weak Reference
    _signal_finish                            - Undefined Weak Reference
    _signal_init                              - Undefined Weak Reference
    _terminateio                              - Undefined Weak Reference
    __Vectors_Size                           0x00000130   Number         0  startup_stm32f10x_hd.o ABSOLUTE
    __Vectors                                0x08000000   Data           4  startup_stm32f10x_hd.o(RESET)
    __Vectors_End                            0x08000130   Data           0  startup_stm32f10x_hd.o(RESET)
    __main                                   0x08000131   Thumb Code     8  __main.o(!!!main)
    __scatterload                            0x08000139   Thumb Code     0  __scatter.o(!!!scatter)
    __scatterload_rt2                        0x08000139   Thumb Code    44  __scatter.o(!!!scatter)
    __scatterload_rt2_thumb_only             0x08000139   Thumb Code     0  __scatter.o(!!!scatter)
    __scatterload_null                       0x08000147   Thumb Code     0  __scatter.o(!!!scatter)
    __decompress                             0x0800016d   Thumb Code    90  __dczerorl2.o(!!dczerorl2)
    __decompress1                            0x0800016d   Thumb Code     0  __dczerorl2.o(!!dczerorl2)
    __scatterload_zeroinit                   0x080001c9   Thumb Code    28  __scatter_zi.o(!!handler_zi)
    __rt_lib_init                            0x080001e5   Thumb Code     0  libinit.o(.ARM.Collect$$libinit$$00000000)
    __rt_lib_init_alloca_1                   0x080001e7   Thumb Code     0  libinit2.o(.ARM.Collect$$libinit$$0000002E)
    __rt_lib_init_argv_1                     0x080001e7   Thumb Code     0  libinit2.o(.ARM.Collect$$libinit$$0000002C)
    __rt_lib_init_atexit_1                   0x080001e7   Thumb Code     0  libinit2.o(.ARM.Collect$$libinit$$0000001B)
    __rt_lib_init_clock_1                    0x080001e7   Thumb Code     0  libinit2.o(.ARM.Collect$$libinit$$00000021)
    __rt_lib_init_cpp_1                      0x080001e7   Thumb Code     0  libinit2.o(.ARM.Collect$$libinit$$00000032)
    __rt_lib_init_exceptions_1               0x080001e7   Thumb Code     0  libinit2.o(.ARM.Collect$$libinit$$00000030)
    __rt_lib_init_fp_1                       0x080001e7   Thumb Code     0  libinit2.o(.ARM.Collect$$libinit$$00000002)
    __rt_lib_init_fp_trap_1                  0x080001e7   Thumb Code     0  libinit2.o(.ARM.Collect$$libinit$$0000001F)
    __rt_lib_init_getenv_1                   0x080001e7   Thumb Code     0  libinit2.o(.ARM.Collect$$libinit$$00000023)
    __rt_lib_init_heap_1                     0x080001e7   Thumb Code     0  libinit2.o(.ARM.Collect$$libinit$$0000000A)
    __rt_lib_init_lc_collate_1               0x080001e7   Thumb Code     0  libinit2.o(.ARM.Collect$$libinit$$00000011)
    __rt_lib_init_lc_ctype_1                 0x080001e7   Thumb Code     0  libinit2.o(.ARM.Collect$$libinit$$00000013)
    __rt_lib_init_lc_monetary_1              0x080001e7   Thumb Code     0  libinit2.o(.ARM.Collect$$libinit$$00000015)
    __rt_lib_init_lc_numeric_1               0x080001e7   Thumb Code     0  libinit2.o(.ARM.Collect$$libinit$$00000017)
    __rt_lib_init_lc_time_1                  0x080001e7   Thumb Code     0  libinit2.o(.ARM.Collect$$libinit$$00000019)
    __rt_lib_init_preinit_1                  0x080001e7   Thumb Code     0  libinit2.o(.ARM.Collect$$libinit$$00000004)
    __rt_lib_init_rand_1                     0x080001e7   Thumb Code     0  libinit2.o(.ARM.Collect$$libinit$$0000000E)
    __rt_lib_init_return                     0x080001e7   Thumb Code     0  libinit2.o(.ARM.Collect$$libinit$$00000033)
    __rt_lib_init_signal_1                   0x080001e7   Thumb Code     0  libinit2.o(.ARM.Collect$$libinit$$0000001D)
    __rt_lib_init_stdio_1                    0x080001e7   Thumb Code     0  libinit2.o(.ARM.Collect$$libinit$$00000025)
    __rt_lib_init_user_alloc_1               0x080001e7   Thumb Code     0  libinit2.o(.ARM.Collect$$libinit$$0000000C)
    __rt_lib_shutdown                        0x080001e9   Thumb Code     0  libshutdown.o(.ARM.Collect$$libshutdown$$00000000)
    __rt_lib_shutdown_cpp_1                  0x080001eb   Thumb Code     0  libshutdown2.o(.ARM.Collect$$libshutdown$$00000002)
    __rt_lib_shutdown_fp_trap_1              0x080001eb   Thumb Code     0  libshutdown2.o(.ARM.Collect$$libshutdown$$00000007)
    __rt_lib_shutdown_heap_1                 0x080001eb   Thumb Code     0  libshutdown2.o(.ARM.Collect$$libshutdown$$0000000F)
    __rt_lib_shutdown_return                 0x080001eb   Thumb Code     0  libshutdown2.o(.ARM.Collect$$libshutdown$$00000010)
    __rt_lib_shutdown_signal_1               0x080001eb   Thumb Code     0  libshutdown2.o(.ARM.Collect$$libshutdown$$0000000A)
    __rt_lib_shutdown_stdio_1                0x080001eb   Thumb Code     0  libshutdown2.o(.ARM.Collect$$libshutdown$$00000004)
    __rt_lib_shutdown_user_alloc_1           0x080001eb   Thumb Code     0  libshutdown2.o(.ARM.Collect$$libshutdown$$0000000C)
    __rt_entry                               0x080001ed   Thumb Code     0  __rtentry.o(.ARM.Collect$$rtentry$$00000000)
    __rt_entry_presh_1                       0x080001ed   Thumb Code     0  __rtentry2.o(.ARM.Collect$$rtentry$$00000002)
    __rt_entry_sh                            0x080001ed   Thumb Code     0  __rtentry4.o(.ARM.Collect$$rtentry$$00000004)
    __rt_entry_li                            0x080001f3   Thumb Code     0  __rtentry2.o(.ARM.Collect$$rtentry$$0000000A)
    __rt_entry_postsh_1                      0x080001f3   Thumb Code     0  __rtentry2.o(.ARM.Collect$$rtentry$$00000009)
    __rt_entry_main                          0x080001f7   Thumb Code     0  __rtentry2.o(.ARM.Collect$$rtentry$$0000000D)
    __rt_entry_postli_1                      0x080001f7   Thumb Code     0  __rtentry2.o(.ARM.Collect$$rtentry$$0000000C)
    __rt_exit                                0x080001ff   Thumb Code     0  rtexit.o(.ARM.Collect$$rtexit$$00000000)
    __rt_exit_ls                             0x08000201   Thumb Code     0  rtexit2.o(.ARM.Collect$$rtexit$$00000003)
    __rt_exit_prels_1                        0x08000201   Thumb Code     0  rtexit2.o(.ARM.Collect$$rtexit$$00000002)
    __rt_exit_exit                           0x08000205   Thumb Code     0  rtexit2.o(.ARM.Collect$$rtexit$$00000004)
    Reset_Handler                            0x0800020d   Thumb Code     8  startup_stm32f10x_hd.o(.text)
    ADC1_2_IRQHandler                        0x08000227   Thumb Code     0  startup_stm32f10x_hd.o(.text)
    ADC3_IRQHandler                          0x08000227   Thumb Code     0  startup_stm32f10x_hd.o(.text)
    CAN1_RX1_IRQHandler                      0x08000227   Thumb Code     0  startup_stm32f10x_hd.o(.text)
    CAN1_SCE_IRQHandler                      0x08000227   Thumb Code     0  startup_stm32f10x_hd.o(.text)
    DMA1_Channel1_IRQHandler                 0x08000227   Thumb Code     0  startup_stm32f10x_hd.o(.text)
    DMA1_Channel2_IRQHandler                 0x08000227   Thumb Code     0  startup_stm32f10x_hd.o(.text)
    DMA1_Channel3_IRQHandler                 0x08000227   Thumb Code     0  startup_stm32f10x_hd.o(.text)
    DMA1_Channel4_IRQHandler                 0x08000227   Thumb Code     0  startup_stm32f10x_hd.o(.text)
    DMA1_Channel5_IRQHandler                 0x08000227   Thumb Code     0  startup_stm32f10x_hd.o(.text)
    DMA1_Channel6_IRQHandler                 0x08000227   Thumb Code     0  startup_stm32f10x_hd.o(.text)
    DMA1_Channel7_IRQHandler                 0x08000227   Thumb Code     0  startup_stm32f10x_hd.o(.text)
    DMA2_Channel1_IRQHandler                 0x08000227   Thumb Code     0  startup_stm32f10x_hd.o(.text)
    DMA2_Channel2_IRQHandler                 0x08000227   Thumb Code     0  startup_stm32f10x_hd.o(.text)
    DMA2_Channel3_IRQHandler                 0x08000227   Thumb Code     0  startup_stm32f10x_hd.o(.text)
    DMA2_Channel4_5_IRQHandler               0x08000227   Thumb Code     0  startup_stm32f10x_hd.o(.text)
    EXTI15_10_IRQHandler                     0x08000227   Thumb Code     0  startup_stm32f10x_hd.o(.text)
    EXTI1_IRQHandler                         0x08000227   Thumb Code     0  startup_stm32f10x_hd.o(.text)
    EXTI3_IRQHandler                         0x08000227   Thumb Code     0  startup_stm32f10x_hd.o(.text)
    FLASH_IRQHandler                         0x08000227   Thumb Code     0  startup_stm32f10x_hd.o(.text)
    FSMC_IRQHandler                          0x08000227   Thumb Code     0  startup_stm32f10x_hd.o(.text)
    I2C1_ER_IRQHandler                       0x08000227   Thumb Code     0  startup_stm32f10x_hd.o(.text)
    I2C1_EV_IRQHandler                       0x08000227   Thumb Code     0  startup_stm32f10x_hd.o(.text)
    I2C2_ER_IRQHandler                       0x08000227   Thumb Code     0  startup_stm32f10x_hd.o(.text)
    I2C2_EV_IRQHandler                       0x08000227   Thumb Code     0  startup_stm32f10x_hd.o(.text)
    PVD_IRQHandler                           0x08000227   Thumb Code     0  startup_stm32f10x_hd.o(.text)
    RCC_IRQHandler                           0x08000227   Thumb Code     0  startup_stm32f10x_hd.o(.text)
    RTCAlarm_IRQHandler                      0x08000227   Thumb Code     0  startup_stm32f10x_hd.o(.text)
    RTC_IRQHandler                           0x08000227   Thumb Code     0  startup_stm32f10x_hd.o(.text)
    SDIO_IRQHandler                          0x08000227   Thumb Code     0  startup_stm32f10x_hd.o(.text)
    SPI1_IRQHandler                          0x08000227   Thumb Code     0  startup_stm32f10x_hd.o(.text)
    SPI2_IRQHandler                          0x08000227   Thumb Code     0  startup_stm32f10x_hd.o(.text)
    SPI3_IRQHandler                          0x08000227   Thumb Code     0  startup_stm32f10x_hd.o(.text)
    TAMPER_IRQHandler                        0x08000227   Thumb Code     0  startup_stm32f10x_hd.o(.text)
    TIM1_BRK_IRQHandler                      0x08000227   Thumb Code     0  startup_stm32f10x_hd.o(.text)
    TIM1_CC_IRQHandler                       0x08000227   Thumb Code     0  startup_stm32f10x_hd.o(.text)
    TIM1_TRG_COM_IRQHandler                  0x08000227   Thumb Code     0  startup_stm32f10x_hd.o(.text)
    TIM1_UP_IRQHandler                       0x08000227   Thumb Code     0  startup_stm32f10x_hd.o(.text)
    TIM8_BRK_IRQHandler                      0x08000227   Thumb Code     0  startup_stm32f10x_hd.o(.text)
    TIM8_CC_IRQHandler                       0x08000227   Thumb Code     0  startup_stm32f10x_hd.o(.text)
    TIM8_TRG_COM_IRQHandler                  0x08000227   Thumb Code     0  startup_stm32f10x_hd.o(.text)
    TIM8_UP_IRQHandler                       0x08000227   Thumb Code     0  startup_stm32f10x_hd.o(.text)
    USART1_IRQHandler                        0x08000227   Thumb Code     0  startup_stm32f10x_hd.o(.text)
    USART2_IRQHandler                        0x08000227   Thumb Code     0  startup_stm32f10x_hd.o(.text)
    USBWakeUp_IRQHandler                     0x08000227   Thumb Code     0  startup_stm32f10x_hd.o(.text)
    USB_HP_CAN1_TX_IRQHandler                0x08000227   Thumb Code     0  startup_stm32f10x_hd.o(.text)
    USB_LP_CAN1_RX0_IRQHandler               0x08000227   Thumb Code     0  startup_stm32f10x_hd.o(.text)
    WWDG_IRQHandler                          0x08000227   Thumb Code     0  startup_stm32f10x_hd.o(.text)
    __user_initial_stackheap                 0x08000229   Thumb Code     0  startup_stm32f10x_hd.o(.text)
    __use_no_semihosting                     0x0800024d   Thumb Code     2  use_no_semi_2.o(.text)
    __use_two_region_memory                  0x0800024f   Thumb Code     2  heapauxi.o(.text)
    __rt_heap_escrow                         0x08000251   Thumb Code     2  heapauxi.o(.text)
    __rt_heap_expand                         0x08000253   Thumb Code     2  heapauxi.o(.text)
    __I$use$semihosting                      0x08000255   Thumb Code     0  use_no_semi.o(.text)
    __use_no_semihosting_swi                 0x08000255   Thumb Code     2  use_no_semi.o(.text)
    __user_libspace                          0x08000259   Thumb Code     8  libspace.o(.text)
    __user_perproc_libspace                  0x08000259   Thumb Code     0  libspace.o(.text)
    __user_perthread_libspace                0x08000259   Thumb Code     0  libspace.o(.text)
    __user_setup_stackheap                   0x08000261   Thumb Code    74  sys_stackheap_outer.o(.text)
    exit                                     0x080002ab   Thumb Code    18  exit.o(.text)
    ADC1_Init                                0x080002bd   Thumb Code   268  control.o(i.ADC1_Init)
    ADC_Cmd                                  0x080003d9   Thumb Code    22  stm32f10x_adc.o(i.ADC_Cmd)
    ADC_DMACmd                               0x080003ef   Thumb Code    22  stm32f10x_adc.o(i.ADC_DMACmd)
    ADC_GetCalibrationStatus                 0x08000405   Thumb Code    20  stm32f10x_adc.o(i.ADC_GetCalibrationStatus)
    ADC_GetResetCalibrationStatus            0x08000419   Thumb Code    20  stm32f10x_adc.o(i.ADC_GetResetCalibrationStatus)
    ADC_Init                                 0x0800042d   Thumb Code    70  stm32f10x_adc.o(i.ADC_Init)
    ADC_RegularChannelConfig                 0x0800047d   Thumb Code   184  stm32f10x_adc.o(i.ADC_RegularChannelConfig)
    ADC_ResetCalibration                     0x08000535   Thumb Code    10  stm32f10x_adc.o(i.ADC_ResetCalibration)
    ADC_SoftwareStartConvCmd                 0x0800053f   Thumb Code    22  stm32f10x_adc.o(i.ADC_SoftwareStartConvCmd)
    ADC_StartCalibration                     0x08000555   Thumb Code    10  stm32f10x_adc.o(i.ADC_StartCalibration)
    BusFault_Handler                         0x0800055f   Thumb Code     4  stm32f10x_it.o(i.BusFault_Handler)
    DMA2_Receive_init                        0x08000565   Thumb Code    94  usart.o(i.DMA2_Receive_init)
    DMA_ClearFlag                            0x080005c9   Thumb Code    18  stm32f10x_dma.o(i.DMA_ClearFlag)
    DMA_Cmd                                  0x080005e5   Thumb Code    24  stm32f10x_dma.o(i.DMA_Cmd)
    DMA_DeInit                               0x080005fd   Thumb Code   324  stm32f10x_dma.o(i.DMA_DeInit)
    DMA_GetCurrDataCounter                   0x08000749   Thumb Code     8  stm32f10x_dma.o(i.DMA_GetCurrDataCounter)
    DMA_Init                                 0x08000751   Thumb Code    60  stm32f10x_dma.o(i.DMA_Init)
    DMA_Receive_init                         0x0800078d   Thumb Code    96  usart.o(i.DMA_Receive_init)
    DMA_SetCurrDataCounter                   0x080007ed   Thumb Code     4  stm32f10x_dma.o(i.DMA_SetCurrDataCounter)
    DebugMon_Handler                         0x080007f1   Thumb Code     2  stm32f10x_it.o(i.DebugMon_Handler)
    EXTI0_IRQHandler                         0x080007f5   Thumb Code   186  control.o(i.EXTI0_IRQHandler)
    EXTI2_IRQHandler                         0x080008cd   Thumb Code   136  control.o(i.EXTI2_IRQHandler)
    EXTI4_IRQHandler                         0x08000975   Thumb Code   108  control.o(i.EXTI4_IRQHandler)
    EXTI9_5_IRQHandler                       0x080009f5   Thumb Code   156  control.o(i.EXTI9_5_IRQHandler)
    EXTI_ClearITPendingBit                   0x08000aad   Thumb Code     6  stm32f10x_exti.o(i.EXTI_ClearITPendingBit)
    EXTI_GetITStatus                         0x08000ab9   Thumb Code    34  stm32f10x_exti.o(i.EXTI_GetITStatus)
    GPIO_Init                                0x08000ae1   Thumb Code   278  stm32f10x_gpio.o(i.GPIO_Init)
    GPIO_Init_01                             0x08000bf9   Thumb Code    68  control.o(i.GPIO_Init_01)
    GPIO_PinRemapConfig                      0x08000c45   Thumb Code   138  stm32f10x_gpio.o(i.GPIO_PinRemapConfig)
    GPIO_ReadInputDataBit                    0x08000cd5   Thumb Code    18  stm32f10x_gpio.o(i.GPIO_ReadInputDataBit)
    GPIO_ResetBits                           0x08000ce7   Thumb Code     4  stm32f10x_gpio.o(i.GPIO_ResetBits)
    GPIO_SetBits                             0x08000ceb   Thumb Code     4  stm32f10x_gpio.o(i.GPIO_SetBits)
    HardFault_Handler                        0x08000cef   Thumb Code     4  stm32f10x_it.o(i.HardFault_Handler)
    Initial                                  0x08000cf5   Thumb Code    38  method_control.o(i.Initial)
    Initial_target                           0x08000d31   Thumb Code     6  method_control.o(i.Initial_target)
    KEY_Init                                 0x08000d3d   Thumb Code    88  time.o(i.KEY_Init)
    KEY_Scan                                 0x08000d9d   Thumb Code   146  time.o(i.KEY_Scan)
    MOTO1                                    0x08000e39   Thumb Code    12  motor.o(i.MOTO1)
    MOTO2                                    0x08000e49   Thumb Code    12  motor.o(i.MOTO2)
    MemManage_Handler                        0x08000e59   Thumb Code     4  stm32f10x_it.o(i.MemManage_Handler)
    NMI_Handler                              0x08000e5d   Thumb Code     2  stm32f10x_it.o(i.NMI_Handler)
    NVIC_Configuration                       0x08000e5f   Thumb Code    12  sys.o(i.NVIC_Configuration)
    NVIC_Init                                0x08000e6d   Thumb Code   100  misc.o(i.NVIC_Init)
    NVIC_PriorityGroupConfig                 0x08000edd   Thumb Code    10  misc.o(i.NVIC_PriorityGroupConfig)
    OLED_Clear                               0x08000ef1   Thumb Code    64  oled.o(i.OLED_Clear)
    OLED_Init                                0x08000f31   Thumb Code   372  oled.o(i.OLED_Init)
    OLED_Set_Pos                             0x080010ad   Thumb Code    46  oled.o(i.OLED_Set_Pos)
    OLED_ShowChar                            0x080010dd   Thumb Code   156  oled.o(i.OLED_ShowChar)
    OLED_ShowNum                             0x08001181   Thumb Code   136  oled.o(i.OLED_ShowNum)
    OLED_ShowString                          0x08001209   Thumb Code    58  oled.o(i.OLED_ShowString)
    OLED_Showdecimal                         0x08001245   Thumb Code   386  oled.o(i.OLED_Showdecimal)
    OLED_WR_Byte                             0x080013d1   Thumb Code   108  oled.o(i.OLED_WR_Byte)
    PID_Init                                 0x08001445   Thumb Code   166  pid_szj.o(i.PID_Init)
    PID_calculate                            0x0800152d   Thumb Code   162  pid_szj.o(i.PID_calculate)
    PWM_Restrict                             0x080015e1   Thumb Code    40  pid_szj.o(i.PWM_Restrict)
    PendSV_Handler                           0x08001609   Thumb Code     2  stm32f10x_it.o(i.PendSV_Handler)
    Position_FeedbackControl                 0x0800160d   Thumb Code   228  pid_szj.o(i.Position_FeedbackControl)
    RCC_AHBPeriphClockCmd                    0x0800170d   Thumb Code    26  stm32f10x_rcc.o(i.RCC_AHBPeriphClockCmd)
    RCC_APB1PeriphClockCmd                   0x0800172d   Thumb Code    26  stm32f10x_rcc.o(i.RCC_APB1PeriphClockCmd)
    RCC_APB1PeriphResetCmd                   0x0800174d   Thumb Code    26  stm32f10x_rcc.o(i.RCC_APB1PeriphResetCmd)
    RCC_APB2PeriphClockCmd                   0x0800176d   Thumb Code    26  stm32f10x_rcc.o(i.RCC_APB2PeriphClockCmd)
    RCC_APB2PeriphResetCmd                   0x0800178d   Thumb Code    26  stm32f10x_rcc.o(i.RCC_APB2PeriphResetCmd)
    RCC_GetClocksFreq                        0x080017ad   Thumb Code   192  stm32f10x_rcc.o(i.RCC_GetClocksFreq)
    Read_Velocity                            0x08001881   Thumb Code   172  time.o(i.Read_Velocity)
    SVC_Handler                              0x08001939   Thumb Code     2  stm32f10x_it.o(i.SVC_Handler)
    SetPWM_Position                          0x0800193d   Thumb Code   138  pid_szj.o(i.SetPWM_Position)
    SysTick_CLKSourceConfig                  0x08001ab5   Thumb Code    40  misc.o(i.SysTick_CLKSourceConfig)
    SysTick_Handler                          0x08001add   Thumb Code     2  stm32f10x_it.o(i.SysTick_Handler)
    SystemInit                               0x08001ae1   Thumb Code    78  system_stm32f10x.o(i.SystemInit)
    TIM1_Init                                0x08001d81   Thumb Code   196  time.o(i.TIM1_Init)
    TIM2_IRQHandler                          0x08001e4d   Thumb Code    20  time.o(i.TIM2_IRQHandler)
    TIM2_Int_Init                            0x08001e61   Thumb Code   196  time.o(i.TIM2_Int_Init)
    TIM3_IRQHandler                          0x08001f35   Thumb Code    22  time.o(i.TIM3_IRQHandler)
    TIM3_Int_Init                            0x08001f51   Thumb Code   166  time.o(i.TIM3_Int_Init)
    TIM4_IRQHandler                          0x08002005   Thumb Code    20  time.o(i.TIM4_IRQHandler)
    TIM4_Int_Init                            0x0800201d   Thumb Code   158  time.o(i.TIM4_Int_Init)
    TIM5_IRQHandler                          0x080020c5   Thumb Code    20  time.o(i.TIM5_IRQHandler)
    TIM5_Int_Init                            0x080020dd   Thumb Code   158  time.o(i.TIM5_Int_Init)
    TIM6_IRQHandler                          0x08002185   Thumb Code   784  main.o(i.TIM6_IRQHandler)
    TIM6_Int_Init                            0x08002521   Thumb Code    94  time.o(i.TIM6_Int_Init)
    TIM7_IRQHandler                          0x08002585   Thumb Code   426  time.o(i.TIM7_IRQHandler)
    TIM_CCPreloadControl                     0x08002741   Thumb Code    24  stm32f10x_tim.o(i.TIM_CCPreloadControl)
    TIM_ClearFlag                            0x08002759   Thumb Code     6  stm32f10x_tim.o(i.TIM_ClearFlag)
    TIM_ClearITPendingBit                    0x0800275f   Thumb Code     6  stm32f10x_tim.o(i.TIM_ClearITPendingBit)
    TIM_Cmd                                  0x08002765   Thumb Code    24  stm32f10x_tim.o(i.TIM_Cmd)
    TIM_CtrlPWMOutputs                       0x0800277d   Thumb Code    30  stm32f10x_tim.o(i.TIM_CtrlPWMOutputs)
    TIM_DeInit                               0x0800279d   Thumb Code   424  stm32f10x_tim.o(i.TIM_DeInit)
    TIM_EncoderInterfaceConfig               0x08002985   Thumb Code    66  stm32f10x_tim.o(i.TIM_EncoderInterfaceConfig)
    TIM_GetFlagStatus                        0x080029c7   Thumb Code    18  stm32f10x_tim.o(i.TIM_GetFlagStatus)
    TIM_GetITStatus                          0x080029d9   Thumb Code    34  stm32f10x_tim.o(i.TIM_GetITStatus)
    TIM_ICInit                               0x080029fd   Thumb Code   150  stm32f10x_tim.o(i.TIM_ICInit)
    TIM_ICStructInit                         0x08002aa9   Thumb Code    18  stm32f10x_tim.o(i.TIM_ICStructInit)
    TIM_ITConfig                             0x08002abb   Thumb Code    18  stm32f10x_tim.o(i.TIM_ITConfig)
    TIM_OC1Init                              0x08002acd   Thumb Code   132  stm32f10x_tim.o(i.TIM_OC1Init)
    TIM_OC1PreloadConfig                     0x08002b65   Thumb Code    18  stm32f10x_tim.o(i.TIM_OC1PreloadConfig)
    TIM_OC2Init                              0x08002b79   Thumb Code   154  stm32f10x_tim.o(i.TIM_OC2Init)
    TIM_OC2PreloadConfig                     0x08002c1d   Thumb Code    26  stm32f10x_tim.o(i.TIM_OC2PreloadConfig)
    TIM_OC3Init                              0x08002c39   Thumb Code   150  stm32f10x_tim.o(i.TIM_OC3Init)
    TIM_OC3PreloadConfig                     0x08002cd9   Thumb Code    18  stm32f10x_tim.o(i.TIM_OC3PreloadConfig)
    TIM_OC4Init                              0x08002ced   Thumb Code   114  stm32f10x_tim.o(i.TIM_OC4Init)
    TIM_OC4PreloadConfig                     0x08002d69   Thumb Code    26  stm32f10x_tim.o(i.TIM_OC4PreloadConfig)
    TIM_SetCounter                           0x08002d83   Thumb Code     4  stm32f10x_tim.o(i.TIM_SetCounter)
    TIM_SetIC1Prescaler                      0x08002d87   Thumb Code    18  stm32f10x_tim.o(i.TIM_SetIC1Prescaler)
    TIM_SetIC2Prescaler                      0x08002d99   Thumb Code    26  stm32f10x_tim.o(i.TIM_SetIC2Prescaler)
    TIM_SetIC3Prescaler                      0x08002db3   Thumb Code    18  stm32f10x_tim.o(i.TIM_SetIC3Prescaler)
    TIM_SetIC4Prescaler                      0x08002dc5   Thumb Code    26  stm32f10x_tim.o(i.TIM_SetIC4Prescaler)
    TIM_TimeBaseInit                         0x08002de1   Thumb Code   122  stm32f10x_tim.o(i.TIM_TimeBaseInit)
    TIM_TimeBaseStructInit                   0x08002e85   Thumb Code    18  stm32f10x_tim.o(i.TIM_TimeBaseStructInit)
    Timer3ARRValue                           0x08002e99   Thumb Code    16  time.o(i.Timer3ARRValue)
    UART4_IRQHandler                         0x08002ead   Thumb Code   130  usart.o(i.UART4_IRQHandler)
    UART5_IRQHandler                         0x08002f45   Thumb Code    88  usart.o(i.UART5_IRQHandler)
    USART3_IRQHandler                        0x08002fb1   Thumb Code   130  usart.o(i.USART3_IRQHandler)
    USART3_Receive_Data                      0x08003049   Thumb Code    70  usart.o(i.USART3_Receive_Data)
    USART_ClearFlag                          0x08003099   Thumb Code    18  stm32f10x_usart.o(i.USART_ClearFlag)
    USART_Cmd                                0x080030ab   Thumb Code    24  stm32f10x_usart.o(i.USART_Cmd)
    USART_DMACmd                             0x080030c3   Thumb Code    18  stm32f10x_usart.o(i.USART_DMACmd)
    USART_GetITStatus                        0x080030d5   Thumb Code    84  stm32f10x_usart.o(i.USART_GetITStatus)
    USART_ITConfig                           0x08003129   Thumb Code    74  stm32f10x_usart.o(i.USART_ITConfig)
    USART_Init                               0x08003175   Thumb Code   210  stm32f10x_usart.o(i.USART_Init)
    USART_ReceiveData                        0x0800324d   Thumb Code    10  stm32f10x_usart.o(i.USART_ReceiveData)
    UsageFault_Handler                       0x08003257   Thumb Code     4  stm32f10x_it.o(i.UsageFault_Handler)
    Velocity_FeedbackControl                 0x0800325d   Thumb Code   182  pid_szj.o(i.Velocity_FeedbackControl)
    Yaw_angle                                0x08003329   Thumb Code   122  main.o(i.Yaw_angle)
    _sys_exit                                0x080033b9   Thumb Code     4  usart.o(i._sys_exit)
    angle__                                  0x080033bd   Thumb Code    64  method_control.o(i.angle__)
    back                                     0x08003405   Thumb Code    80  control.o(i.back)
    clean                                    0x08003459   Thumb Code    52  pid_szj.o(i.clean)
    clear_yaw                                0x080034b1   Thumb Code    16  pid_szj.o(i.clear_yaw)
    delay_init                               0x080034c9   Thumb Code    50  delay.o(i.delay_init)
    delay_ms                                 0x0800350d   Thumb Code    72  delay.o(i.delay_ms)
    delay_us                                 0x08003559   Thumb Code    72  delay.o(i.delay_us)
    go                                       0x080035a5   Thumb Code    80  control.o(i.go)
    gogogo_test                              0x080035f9   Thumb Code   600  pid_szj.o(i.gogogo_test)
    goo                                      0x080038d1   Thumb Code  1622  method_control.o(i.goo)
    judge_1                                  0x08003f55   Thumb Code  1178  method_control.o(i.judge_1)
    left                                     0x08004411   Thumb Code    32  control.o(i.left)
    left1_f                                  0x08004439   Thumb Code    30  control.o(i.left1_f)
    left1_z                                  0x08004461   Thumb Code    30  control.o(i.left1_z)
    left2_f                                  0x08004489   Thumb Code    30  control.o(i.left2_f)
    left2_z                                  0x080044b1   Thumb Code    30  control.o(i.left2_z)
    left_1                                   0x080044d9   Thumb Code    20  control.o(i.left_1)
    lvbo_1                                   0x080044ed   Thumb Code    92  main.o(i.lvbo_1)
    main                                     0x08004549   Thumb Code  2486  main.o(i.main)
    oled_pow                                 0x08004f11   Thumb Code    22  oled.o(i.oled_pow)
    right                                    0x08004f29   Thumb Code    32  control.o(i.right)
    right1_f                                 0x08004f51   Thumb Code    26  control.o(i.right1_f)
    right1_z                                 0x08004f75   Thumb Code    26  control.o(i.right1_z)
    right2_f                                 0x08004f99   Thumb Code    30  control.o(i.right2_f)
    right2_z                                 0x08004fc1   Thumb Code    30  control.o(i.right2_z)
    right_1                                  0x08004fe9   Thumb Code    20  control.o(i.right_1)
    set_purpose_positon                      0x08004ffd   Thumb Code    10  method_control.o(i.set_purpose_positon)
    slowdown                                 0x08005011   Thumb Code    80  control.o(i.slowdown)
    slowdown_1                               0x08005065   Thumb Code    80  control.o(i.slowdown_1)
    to_zero_pulse                            0x080050b9   Thumb Code    20  method_control.o(i.to_zero_pulse)
    uart_5                                   0x080050dd   Thumb Code   154  usart.o(i.uart_5)
    uart_IMU_init                            0x08005185   Thumb Code   168  usart.o(i.uart_IMU_init)
    uart_OpenMv_init                         0x08005235   Thumb Code   168  usart.o(i.uart_OpenMv_init)
    __aeabi_d2f                              0x080052e5   Thumb Code     0  d2f.o(x$fpl$d2f)
    _d2f                                     0x080052e5   Thumb Code    98  d2f.o(x$fpl$d2f)
    __aeabi_dadd                             0x08005349   Thumb Code     0  daddsub_clz.o(x$fpl$dadd)
    _dadd                                    0x08005349   Thumb Code   332  daddsub_clz.o(x$fpl$dadd)
    __fpl_dcmp_Inf                           0x08005499   Thumb Code    24  dcmpi.o(x$fpl$dcmpinf)
    __aeabi_ddiv                             0x080054b1   Thumb Code     0  ddiv.o(x$fpl$ddiv)
    _ddiv                                    0x080054b1   Thumb Code   552  ddiv.o(x$fpl$ddiv)
    __aeabi_d2iz                             0x08005761   Thumb Code     0  dfix.o(x$fpl$dfix)
    _dfix                                    0x08005761   Thumb Code    94  dfix.o(x$fpl$dfix)
    __aeabi_i2d                              0x080057bf   Thumb Code     0  dflt_clz.o(x$fpl$dflt)
    _dflt                                    0x080057bf   Thumb Code    46  dflt_clz.o(x$fpl$dflt)
    __aeabi_ui2d                             0x080057ed   Thumb Code     0  dflt_clz.o(x$fpl$dfltu)
    _dfltu                                   0x080057ed   Thumb Code    38  dflt_clz.o(x$fpl$dfltu)
    __aeabi_cdcmple                          0x08005815   Thumb Code     0  dleqf.o(x$fpl$dleqf)
    _dcmple                                  0x08005815   Thumb Code   120  dleqf.o(x$fpl$dleqf)
    __fpl_dcmple_InfNaN                      0x08005877   Thumb Code     0  dleqf.o(x$fpl$dleqf)
    __aeabi_dmul                             0x0800588d   Thumb Code     0  dmul.o(x$fpl$dmul)
    _dmul                                    0x0800588d   Thumb Code   332  dmul.o(x$fpl$dmul)
    __fpl_dnaninf                            0x080059e1   Thumb Code   156  dnaninf.o(x$fpl$dnaninf)
    __fpl_dretinf                            0x08005a7d   Thumb Code    12  dretinf.o(x$fpl$dretinf)
    __aeabi_cdrcmple                         0x08005a89   Thumb Code     0  drleqf.o(x$fpl$drleqf)
    _drcmple                                 0x08005a89   Thumb Code   108  drleqf.o(x$fpl$drleqf)
    __aeabi_dsub                             0x08005af5   Thumb Code     0  daddsub_clz.o(x$fpl$dsub)
    _dsub                                    0x08005af5   Thumb Code   464  daddsub_clz.o(x$fpl$dsub)
    __aeabi_f2d                              0x08005cc9   Thumb Code     0  f2d.o(x$fpl$f2d)
    _f2d                                     0x08005cc9   Thumb Code    86  f2d.o(x$fpl$f2d)
    __aeabi_fadd                             0x08005d21   Thumb Code     0  faddsub_clz.o(x$fpl$fadd)
    _fadd                                    0x08005d21   Thumb Code   196  faddsub_clz.o(x$fpl$fadd)
    __fpl_fcmp_Inf                           0x08005de5   Thumb Code    24  fcmpi.o(x$fpl$fcmpinf)
    __aeabi_fdiv                             0x08005dfd   Thumb Code     0  fdiv.o(x$fpl$fdiv)
    _fdiv                                    0x08005dfd   Thumb Code   384  fdiv.o(x$fpl$fdiv)
    __aeabi_f2iz                             0x08005f81   Thumb Code     0  ffix.o(x$fpl$ffix)
    _ffix                                    0x08005f81   Thumb Code    54  ffix.o(x$fpl$ffix)
    __aeabi_f2uiz                            0x08005fb9   Thumb Code     0  ffixu.o(x$fpl$ffixu)
    _ffixu                                   0x08005fb9   Thumb Code    62  ffixu.o(x$fpl$ffixu)
    __aeabi_i2f                              0x08005ff9   Thumb Code     0  fflt_clz.o(x$fpl$fflt)
    _fflt                                    0x08005ff9   Thumb Code    48  fflt_clz.o(x$fpl$fflt)
    __aeabi_ui2f                             0x08006029   Thumb Code     0  fflt_clz.o(x$fpl$ffltu)
    _ffltu                                   0x08006029   Thumb Code    38  fflt_clz.o(x$fpl$ffltu)
    __aeabi_cfcmple                          0x08006051   Thumb Code     0  fleqf.o(x$fpl$fleqf)
    _fcmple                                  0x08006051   Thumb Code   104  fleqf.o(x$fpl$fleqf)
    __fpl_fcmple_InfNaN                      0x080060a3   Thumb Code     0  fleqf.o(x$fpl$fleqf)
    __aeabi_fmul                             0x080060b9   Thumb Code     0  fmul.o(x$fpl$fmul)
    _fmul                                    0x080060b9   Thumb Code   258  fmul.o(x$fpl$fmul)
    __fpl_fnaninf                            0x080061bb   Thumb Code   140  fnaninf.o(x$fpl$fnaninf)
    __fpl_fretinf                            0x08006247   Thumb Code    10  fretinf.o(x$fpl$fretinf)
    __aeabi_cfrcmple                         0x08006251   Thumb Code     0  frleqf.o(x$fpl$frleqf)
    _frcmple                                 0x08006251   Thumb Code    98  frleqf.o(x$fpl$frleqf)
    __aeabi_frsub                            0x080062b3   Thumb Code     0  faddsub_clz.o(x$fpl$frsb)
    _frsb                                    0x080062b3   Thumb Code    20  faddsub_clz.o(x$fpl$frsb)
    __aeabi_fsub                             0x080062c9   Thumb Code     0  faddsub_clz.o(x$fpl$fsub)
    _fsub                                    0x080062c9   Thumb Code   234  faddsub_clz.o(x$fpl$fsub)
    F6x8                                     0x080063b2   Data         552  oled.o(.constdata)
    __I$use$fp                               0x080063b2   Number         0  usenofp.o(x$fpl$usenofp)
    F8X16                                    0x080065da   Data        1520  oled.o(.constdata)
    Region$$Table$$Base                      0x08006bdc   Number         0  anon$$obj.o(Region$$Table)
    Region$$Table$$Limit                     0x08006bfc   Number         0  anon$$obj.o(Region$$Table)
    pulse1                                   0x20000000   Data           4  main.o(.data)
    pulse2                                   0x20000004   Data           4  main.o(.data)
    pulse3                                   0x20000008   Data           4  main.o(.data)
    pulse4                                   0x2000000c   Data           4  main.o(.data)
    guang_1                                  0x20000010   Data           4  main.o(.data)
    R                                        0x20000014   Data           4  main.o(.data)
    Y                                        0x20000018   Data           4  main.o(.data)
    fg_1                                     0x2000001c   Data           4  main.o(.data)
    set_angle                                0x20000020   Data           4  main.o(.data)
    flag_finsh                               0x20000024   Data           1  main.o(.data)
    flag_over                                0x20000025   Data           1  main.o(.data)
    start                                    0x20000026   Data           1  main.o(.data)
    stop_2                                   0x20000027   Data           1  main.o(.data)
    buf                                      0x20000028   Data           5  main.o(.data)
    h                                        0x20000030   Data           4  main.o(.data)
    j                                        0x20000034   Data           4  main.o(.data)
    h_1                                      0x20000038   Data           4  main.o(.data)
    j_1                                      0x2000003c   Data           4  main.o(.data)
    X                                        0x20000040   Data           4  main.o(.data)
    X_1                                      0x20000044   Data           4  main.o(.data)
    flag_Dir                                 0x20000048   Data           4  main.o(.data)
    base_0                                   0x2000004c   Data           4  main.o(.data)
    kp_0                                     0x20000050   Data           4  main.o(.data)
    kd_0                                     0x20000054   Data           4  main.o(.data)
    ki_0                                     0x20000058   Data           4  main.o(.data)
    r                                        0x2000005c   Data           4  main.o(.data)
    run_level                                0x20000060   Data           1  main.o(.data)
    page                                     0x20000061   Data           1  main.o(.data)
    enable                                   0x20000062   Data           1  main.o(.data)
    yellow                                   0x20000063   Data           1  main.o(.data)
    red                                      0x20000064   Data           1  main.o(.data)
    row                                      0x20000065   Data           1  main.o(.data)
    mode                                     0x20000066   Data           1  main.o(.data)
    indicate                                 0x20000068   Data           4  main.o(.data)
    dt_0                                     0x2000006c   Data           1  main.o(.data)
    dt_1                                     0x2000006d   Data           1  main.o(.data)
    tt                                       0x2000006e   Data           1  main.o(.data)
    R_0                                      0x20000070   Data           4  main.o(.data)
    L_0                                      0x20000074   Data           4  main.o(.data)
    Yaw_pwm                                  0x20000078   Data           4  main.o(.data)
    Vel_pwm                                  0x2000007c   Data           4  main.o(.data)
    New_pwm                                  0x20000080   Data           4  main.o(.data)
    a                                        0x20000084   Data           4  main.o(.data)
    b                                        0x20000088   Data           4  main.o(.data)
    c                                        0x2000008c   Data           4  main.o(.data)
    d                                        0x20000090   Data           4  main.o(.data)
    N                                        0x20000094   Data           4  main.o(.data)
    Res                                      0x20000098   Data           4  main.o(.data)
    flag_right_mv                            0x2000009c   Data           4  main.o(.data)
    flag                                     0x200000a0   Data           1  main.o(.data)
    flag_k                                   0x200000a1   Data           1  main.o(.data)
    ad_1                                     0x200000a2   Data           1  main.o(.data)
    flag_turn_start                          0x200000a4   Data           4  main.o(.data)
    flag_turn_end                            0x200000a8   Data           4  main.o(.data)
    fast_segment                             0x200000ac   Data           4  main.o(.data)
    media_segment                            0x200000b0   Data           4  main.o(.data)
    low_segment                              0x200000b4   Data           4  main.o(.data)
    ad                                       0x200000b8   Data           1  main.o(.data)
    judge_flag                               0x200000b9   Data           1  main.o(.data)
    flag_Status                              0x200000ba   Data           1  main.o(.data)
    No                                       0x200000bc   Data           4  main.o(.data)
    yu                                       0x200000c0   Data           1  main.o(.data)
    cz                                       0x200000c1   Data           1  main.o(.data)
    l                                        0x200000c4   Data           4  main.o(.data)
    m                                        0x200000c8   Data           4  main.o(.data)
    y                                        0x200000cc   Data           4  main.o(.data)
    z                                        0x200000d0   Data           4  main.o(.data)
    mv                                       0x200000d4   Data           4  main.o(.data)
    Y_1                                      0x200000d8   Data           4  main.o(.data)
    Y_2                                      0x200000dc   Data           4  main.o(.data)
    Y_3                                      0x200000e0   Data           4  main.o(.data)
    Y_4                                      0x200000e4   Data           4  main.o(.data)
    Y_5                                      0x200000e8   Data           4  main.o(.data)
    extra_work                               0x200000ec   Data           4  main.o(.data)
    stop_1                                   0x200000f0   Data           4  main.o(.data)
    cstart                                   0x200000f4   Data           4  main.o(.data)
    working                                  0x200000f8   Data           4  main.o(.data)
    num_r                                    0x200000fc   Data           1  main.o(.data)
    num_y                                    0x200000fd   Data           1  main.o(.data)
    num_p                                    0x200000fe   Data           1  main.o(.data)
    flag_r                                   0x200000ff   Data           1  main.o(.data)
    guang_2                                  0x20000100   Data           1  main.o(.data)
    led_flag                                 0x20000104   Data           4  main.o(.data)
    flag_extra                               0x20000108   Data           4  main.o(.data)
    gear_open                                0x2000010c   Data          32  main.o(.data)
    gear_close                               0x2000012c   Data          32  main.o(.data)
    count_5                                  0x2000014c   Data           4  main.o(.data)
    ss                                       0x20000150   Data           1  main.o(.data)
    PO                                       0x20000154   Data           4  main.o(.data)
    gg_1                                     0x20000158   Data           1  main.o(.data)
    gg_2                                     0x20000159   Data           1  main.o(.data)
    flag_start                               0x2000015c   Data           4  main.o(.data)
    bb_1                                     0x20000160   Data           4  main.o(.data)
    bb_0                                     0x20000164   Data           4  main.o(.data)
    nn                                       0x20000168   Data           1  main.o(.data)
    hf                                       0x20000169   Data           1  main.o(.data)
    ultra_flag_11                            0x2000016a   Data           1  main.o(.data)
    ultra_flag_13                            0x2000016b   Data           1  main.o(.data)
    lun                                      0x2000016c   Data           4  main.o(.data)
    ji                                       0x20000170   Data           4  main.o(.data)
    main_                                    0x20000174   Data           4  main.o(.data)
    TimeCount                                0x20000178   Data           4  main.o(.data)
    spd_last                                 0x2000017c   Data           4  main.o(.data)
    spd_diff                                 0x20000180   Data           4  main.o(.data)
    flag_distance_50                         0x20000184   Data           4  main.o(.data)
    ui                                       0x20000188   Data           4  main.o(.data)
    num_set                                  0x2000018c   Data           1  main.o(.data)
    juli1                                    0x20000190   Data           4  main.o(.data)
    juli2                                    0x20000194   Data           4  main.o(.data)
    juli3                                    0x20000198   Data           4  main.o(.data)
    n1                                       0x2000019c   Data           4  main.o(.data)
    n2                                       0x200001a0   Data           4  main.o(.data)
    n3                                       0x200001a4   Data           4  main.o(.data)
    Line_count1                              0x200001a8   Data           4  main.o(.data)
    TimeCount1                               0x200001ac   Data           4  main.o(.data)
    flag_clear                               0x200001b0   Data           4  main.o(.data)
    flag_clear_2                             0x200001b4   Data           4  main.o(.data)
    light                                    0x200001b8   Data           4  main.o(.data)
    SystemCoreClock                          0x200001bc   Data           4  system_stm32f10x.o(.data)
    AHBPrescTable                            0x200001c0   Data          16  system_stm32f10x.o(.data)
    VP1                                      0x200001d0   Data           2  time.o(.data)
    VP2                                      0x200001d2   Data           2  time.o(.data)
    VP3                                      0x200001d4   Data           2  time.o(.data)
    VP4                                      0x200001d6   Data           2  time.o(.data)
    ultra_0                                  0x200001d8   Data           4  time.o(.data)
    ultra_1                                  0x200001dc   Data           4  time.o(.data)
    num_wheel1                               0x200001e0   Data           4  time.o(.data)
    num_wheel2                               0x200001e4   Data           4  time.o(.data)
    num_wheel3                               0x200001e8   Data           4  time.o(.data)
    num_wheel4                               0x200001ec   Data           4  time.o(.data)
    Rotate1                                  0x200001f0   Data           4  time.o(.data)
    Rotate2                                  0x200001f4   Data           4  time.o(.data)
    Rotate3                                  0x200001f8   Data           4  time.o(.data)
    Rotate4                                  0x200001fc   Data           4  time.o(.data)
    ServoPwmDuty                             0x20000200   Data          16  time.o(.data)
    ServoPwmDutySet                          0x20000210   Data          16  time.o(.data)
    ServoPwmDutyHaveChange                   0x20000220   Data           1  time.o(.data)
    ServoTime                                0x20000222   Data           2  time.o(.data)
    jg0                                      0x2000022c   Data           1  control.o(.data)
    jg1                                      0x2000022d   Data           1  control.o(.data)
    jg2                                      0x2000022e   Data           1  control.o(.data)
    jg3                                      0x2000022f   Data           1  control.o(.data)
    jg4                                      0x20000230   Data           1  control.o(.data)
    jg5                                      0x20000231   Data           1  control.o(.data)
    jg3_1                                    0x20000234   Data           4  control.o(.data)
    jg4_1                                    0x20000238   Data           4  control.o(.data)
    jg2_1                                    0x2000023c   Data           4  control.o(.data)
    flag_Moto_1                              0x20000240   Data           4  control.o(.data)
    flag_Moto_2                              0x20000244   Data           4  control.o(.data)
    flag_Moto_3                              0x20000248   Data           4  control.o(.data)
    flag_Moto_4                              0x2000024c   Data           4  control.o(.data)
    ADCBuf                                   0x20000250   Data           6  control.o(.data)
    Vel_SZJ                                  0x20000258   Data          32  method_control.o(.data)
    test                                     0x20000278   Data          48  pid_szj.o(.data)
    test2                                    0x200002a8   Data          48  pid_szj.o(.data)
    test3                                    0x200002d8   Data          48  pid_szj.o(.data)
    test4                                    0x20000308   Data          48  pid_szj.o(.data)
    disultra_PID                             0x20000338   Data          28  pid_szj.o(.data)
    PWM_1                                    0x20000354   Data           4  pid_szj.o(.data)
    flag_zitai                               0x20000358   Data           4  pid_szj.o(.data)
    set_distance                             0x2000035c   Data           4  pid_szj.o(.data)
    kp                                       0x20000360   Data           4  pid_szj.o(.data)
    ki                                       0x20000364   Data           4  pid_szj.o(.data)
    kd                                       0x20000368   Data           4  pid_szj.o(.data)
    Velcity_Kp                               0x2000036c   Data           4  pid_szj.o(.data)
    Velcity_Ki                               0x20000370   Data           4  pid_szj.o(.data)
    Velcity_Kd                               0x20000374   Data           4  pid_szj.o(.data)
    yaw_PID                                  0x20000378   Data          28  pid_szj.o(.data)
    yaw_PID_2                                0x20000394   Data          28  pid_szj.o(.data)
    yaw_PID_3                                0x200003b0   Data          28  pid_szj.o(.data)
    TargetCircle                             0x200003cc   Data           4  pid_szj.o(.data)
    TargetVelocity                           0x200003d0   Data           4  pid_szj.o(.data)
    TargetCircle1                            0x200003d4   Data           4  pid_szj.o(.data)
    TargetCircle3                            0x200003d8   Data           4  pid_szj.o(.data)
    TargetVelocity1                          0x200003dc   Data           4  pid_szj.o(.data)
    TargetVelocity2                          0x200003e0   Data           4  pid_szj.o(.data)
    USART3_RxLen                             0x20000414   Data           2  usart.o(.data)
    UART4_RxLen                              0x20000416   Data           2  usart.o(.data)
    ttemp                                    0x20000418   Data           4  usart.o(.data)
    count                                    0x2000041c   Data           1  usart.o(.data)
    ii                                       0x20000420   Data           4  usart.o(.data)
    Spe                                      0x20000424   Data           4  usart.o(.data)
    An                                       0x20000428   Data           4  usart.o(.data)
    __stdout                                 0x2000042c   Data           4  usart.o(.data)
    USART_RX_STA                             0x20000430   Data           2  usart.o(.data)
    angle                                    0x20000434   Data           4  usart.o(.data)
    Temp                                     0x20000438   Data           1  usart.o(.data)
    Remote_data5                             0x20000439   Data           5  usart.o(.data)
    tree_num                                 0x20000444   Data          40  main.o(.bss)
    uart3buf                                 0x2000046c   Data          40  main.o(.bss)
    uart4buf                                 0x20000494   Data          10  main.o(.bss)
    buffer_ultra0                            0x200004a0   Data          20  main.o(.bss)
    buffer_ultra1                            0x200004b4   Data          20  main.o(.bss)
    buffer_ultra2                            0x200004c8   Data          20  main.o(.bss)
    PWM                                      0x200004dc   Data          16  pid_szj.o(.bss)
    USART3_RxBuffer                          0x200004fc   Data          40  usart.o(.bss)
    u3_RxBuffer                              0x20000524   Data          40  usart.o(.bss)
    UART4_RxBuffer                           0x2000054c   Data          10  usart.o(.bss)
    u4_RxBuffer                              0x20000556   Data          10  usart.o(.bss)
    USART_RX_BUF                             0x20000560   Data        5000  usart.o(.bss)
    __libspace_start                         0x200018e8   Data          96  libspace.o(.bss)
    __temporary_stack_top$libspace           0x20001948   Data           0  libspace.o(.bss)



==============================================================================

Memory Map of the image

  Image Entry point : 0x08000131

  Load Region LR_IROM1 (Base: 0x08000000, Size: 0x00007040, Max: 0x00080000, ABSOLUTE, COMPRESSED[0x00006d48])

    Execution Region ER_IROM1 (Exec base: 0x08000000, Load base: 0x08000000, Size: 0x00006bfc, Max: 0x00080000, ABSOLUTE)

    Exec Addr    Load Addr    Size         Type   Attr      Idx    E Section Name        Object

    0x08000000   0x08000000   0x00000130   Data   RO          431    RESET               startup_stm32f10x_hd.o
    0x08000130   0x08000130   0x00000008   Code   RO         2913  * !!!main             c_w.l(__main.o)
    0x08000138   0x08000138   0x00000034   Code   RO         3207    !!!scatter          c_w.l(__scatter.o)
    0x0800016c   0x0800016c   0x0000005a   Code   RO         3205    !!dczerorl2         c_w.l(__dczerorl2.o)
    0x080001c6   0x080001c6   0x00000002   PAD
    0x080001c8   0x080001c8   0x0000001c   Code   RO         3209    !!handler_zi        c_w.l(__scatter_zi.o)
    0x080001e4   0x080001e4   0x00000002   Code   RO         3144    .ARM.Collect$$libinit$$00000000  c_w.l(libinit.o)
    0x080001e6   0x080001e6   0x00000000   Code   RO         3074    .ARM.Collect$$libinit$$00000002  c_w.l(libinit2.o)
    0x080001e6   0x080001e6   0x00000000   Code   RO         3076    .ARM.Collect$$libinit$$00000004  c_w.l(libinit2.o)
    0x080001e6   0x080001e6   0x00000000   Code   RO         3079    .ARM.Collect$$libinit$$0000000A  c_w.l(libinit2.o)
    0x080001e6   0x080001e6   0x00000000   Code   RO         3081    .ARM.Collect$$libinit$$0000000C  c_w.l(libinit2.o)
    0x080001e6   0x080001e6   0x00000000   Code   RO         3083    .ARM.Collect$$libinit$$0000000E  c_w.l(libinit2.o)
    0x080001e6   0x080001e6   0x00000000   Code   RO         3086    .ARM.Collect$$libinit$$00000011  c_w.l(libinit2.o)
    0x080001e6   0x080001e6   0x00000000   Code   RO         3088    .ARM.Collect$$libinit$$00000013  c_w.l(libinit2.o)
    0x080001e6   0x080001e6   0x00000000   Code   RO         3090    .ARM.Collect$$libinit$$00000015  c_w.l(libinit2.o)
    0x080001e6   0x080001e6   0x00000000   Code   RO         3092    .ARM.Collect$$libinit$$00000017  c_w.l(libinit2.o)
    0x080001e6   0x080001e6   0x00000000   Code   RO         3094    .ARM.Collect$$libinit$$00000019  c_w.l(libinit2.o)
    0x080001e6   0x080001e6   0x00000000   Code   RO         3096    .ARM.Collect$$libinit$$0000001B  c_w.l(libinit2.o)
    0x080001e6   0x080001e6   0x00000000   Code   RO         3098    .ARM.Collect$$libinit$$0000001D  c_w.l(libinit2.o)
    0x080001e6   0x080001e6   0x00000000   Code   RO         3100    .ARM.Collect$$libinit$$0000001F  c_w.l(libinit2.o)
    0x080001e6   0x080001e6   0x00000000   Code   RO         3102    .ARM.Collect$$libinit$$00000021  c_w.l(libinit2.o)
    0x080001e6   0x080001e6   0x00000000   Code   RO         3104    .ARM.Collect$$libinit$$00000023  c_w.l(libinit2.o)
    0x080001e6   0x080001e6   0x00000000   Code   RO         3106    .ARM.Collect$$libinit$$00000025  c_w.l(libinit2.o)
    0x080001e6   0x080001e6   0x00000000   Code   RO         3110    .ARM.Collect$$libinit$$0000002C  c_w.l(libinit2.o)
    0x080001e6   0x080001e6   0x00000000   Code   RO         3112    .ARM.Collect$$libinit$$0000002E  c_w.l(libinit2.o)
    0x080001e6   0x080001e6   0x00000000   Code   RO         3114    .ARM.Collect$$libinit$$00000030  c_w.l(libinit2.o)
    0x080001e6   0x080001e6   0x00000000   Code   RO         3116    .ARM.Collect$$libinit$$00000032  c_w.l(libinit2.o)
    0x080001e6   0x080001e6   0x00000002   Code   RO         3117    .ARM.Collect$$libinit$$00000033  c_w.l(libinit2.o)
    0x080001e8   0x080001e8   0x00000002   Code   RO         3202    .ARM.Collect$$libshutdown$$00000000  c_w.l(libshutdown.o)
    0x080001ea   0x080001ea   0x00000000   Code   RO         3162    .ARM.Collect$$libshutdown$$00000002  c_w.l(libshutdown2.o)
    0x080001ea   0x080001ea   0x00000000   Code   RO         3164    .ARM.Collect$$libshutdown$$00000004  c_w.l(libshutdown2.o)
    0x080001ea   0x080001ea   0x00000000   Code   RO         3167    .ARM.Collect$$libshutdown$$00000007  c_w.l(libshutdown2.o)
    0x080001ea   0x080001ea   0x00000000   Code   RO         3170    .ARM.Collect$$libshutdown$$0000000A  c_w.l(libshutdown2.o)
    0x080001ea   0x080001ea   0x00000000   Code   RO         3172    .ARM.Collect$$libshutdown$$0000000C  c_w.l(libshutdown2.o)
    0x080001ea   0x080001ea   0x00000000   Code   RO         3175    .ARM.Collect$$libshutdown$$0000000F  c_w.l(libshutdown2.o)
    0x080001ea   0x080001ea   0x00000002   Code   RO         3176    .ARM.Collect$$libshutdown$$00000010  c_w.l(libshutdown2.o)
    0x080001ec   0x080001ec   0x00000000   Code   RO         2979    .ARM.Collect$$rtentry$$00000000  c_w.l(__rtentry.o)
    0x080001ec   0x080001ec   0x00000000   Code   RO         3034    .ARM.Collect$$rtentry$$00000002  c_w.l(__rtentry2.o)
    0x080001ec   0x080001ec   0x00000006   Code   RO         3046    .ARM.Collect$$rtentry$$00000004  c_w.l(__rtentry4.o)
    0x080001f2   0x080001f2   0x00000000   Code   RO         3036    .ARM.Collect$$rtentry$$00000009  c_w.l(__rtentry2.o)
    0x080001f2   0x080001f2   0x00000004   Code   RO         3037    .ARM.Collect$$rtentry$$0000000A  c_w.l(__rtentry2.o)
    0x080001f6   0x080001f6   0x00000000   Code   RO         3039    .ARM.Collect$$rtentry$$0000000C  c_w.l(__rtentry2.o)
    0x080001f6   0x080001f6   0x00000008   Code   RO         3040    .ARM.Collect$$rtentry$$0000000D  c_w.l(__rtentry2.o)
    0x080001fe   0x080001fe   0x00000002   Code   RO         3147    .ARM.Collect$$rtexit$$00000000  c_w.l(rtexit.o)
    0x08000200   0x08000200   0x00000000   Code   RO         3178    .ARM.Collect$$rtexit$$00000002  c_w.l(rtexit2.o)
    0x08000200   0x08000200   0x00000004   Code   RO         3179    .ARM.Collect$$rtexit$$00000003  c_w.l(rtexit2.o)
    0x08000204   0x08000204   0x00000006   Code   RO         3180    .ARM.Collect$$rtexit$$00000004  c_w.l(rtexit2.o)
    0x0800020a   0x0800020a   0x00000002   PAD
    0x0800020c   0x0800020c   0x00000040   Code   RO          432    .text               startup_stm32f10x_hd.o
    0x0800024c   0x0800024c   0x00000002   Code   RO         2849    .text               c_w.l(use_no_semi_2.o)
    0x0800024e   0x0800024e   0x00000006   Code   RO         2911    .text               c_w.l(heapauxi.o)
    0x08000254   0x08000254   0x00000002   Code   RO         2975    .text               c_w.l(use_no_semi.o)
    0x08000256   0x08000256   0x00000002   PAD
    0x08000258   0x08000258   0x00000008   Code   RO         3030    .text               c_w.l(libspace.o)
    0x08000260   0x08000260   0x0000004a   Code   RO         3121    .text               c_w.l(sys_stackheap_outer.o)
    0x080002aa   0x080002aa   0x00000012   Code   RO         3129    .text               c_w.l(exit.o)
    0x080002bc   0x080002bc   0x0000011c   Code   RO          757    i.ADC1_Init         control.o
    0x080003d8   0x080003d8   0x00000016   Code   RO         2489    i.ADC_Cmd           stm32f10x_adc.o
    0x080003ee   0x080003ee   0x00000016   Code   RO         2490    i.ADC_DMACmd        stm32f10x_adc.o
    0x08000404   0x08000404   0x00000014   Code   RO         2497    i.ADC_GetCalibrationStatus  stm32f10x_adc.o
    0x08000418   0x08000418   0x00000014   Code   RO         2503    i.ADC_GetResetCalibrationStatus  stm32f10x_adc.o
    0x0800042c   0x0800042c   0x00000050   Code   RO         2507    i.ADC_Init          stm32f10x_adc.o
    0x0800047c   0x0800047c   0x000000b8   Code   RO         2511    i.ADC_RegularChannelConfig  stm32f10x_adc.o
    0x08000534   0x08000534   0x0000000a   Code   RO         2512    i.ADC_ResetCalibration  stm32f10x_adc.o
    0x0800053e   0x0800053e   0x00000016   Code   RO         2514    i.ADC_SoftwareStartConvCmd  stm32f10x_adc.o
    0x08000554   0x08000554   0x0000000a   Code   RO         2516    i.ADC_StartCalibration  stm32f10x_adc.o
    0x0800055e   0x0800055e   0x00000004   Code   RO          238    i.BusFault_Handler  stm32f10x_it.o
    0x08000562   0x08000562   0x00000002   PAD
    0x08000564   0x08000564   0x00000064   Code   RO         2743    i.DMA2_Receive_init  usart.o
    0x080005c8   0x080005c8   0x0000001c   Code   RO         2357    i.DMA_ClearFlag     stm32f10x_dma.o
    0x080005e4   0x080005e4   0x00000018   Code   RO         2359    i.DMA_Cmd           stm32f10x_dma.o
    0x080005fc   0x080005fc   0x0000014c   Code   RO         2360    i.DMA_DeInit        stm32f10x_dma.o
    0x08000748   0x08000748   0x00000008   Code   RO         2361    i.DMA_GetCurrDataCounter  stm32f10x_dma.o
    0x08000750   0x08000750   0x0000003c   Code   RO         2365    i.DMA_Init          stm32f10x_dma.o
    0x0800078c   0x0800078c   0x00000060   Code   RO         2744    i.DMA_Receive_init  usart.o
    0x080007ec   0x080007ec   0x00000004   Code   RO         2366    i.DMA_SetCurrDataCounter  stm32f10x_dma.o
    0x080007f0   0x080007f0   0x00000002   Code   RO          239    i.DebugMon_Handler  stm32f10x_it.o
    0x080007f2   0x080007f2   0x00000002   PAD
    0x080007f4   0x080007f4   0x000000d8   Code   RO          759    i.EXTI0_IRQHandler  control.o
    0x080008cc   0x080008cc   0x000000a8   Code   RO          760    i.EXTI2_IRQHandler  control.o
    0x08000974   0x08000974   0x00000080   Code   RO          761    i.EXTI4_IRQHandler  control.o
    0x080009f4   0x080009f4   0x000000b8   Code   RO          762    i.EXTI9_5_IRQHandler  control.o
    0x08000aac   0x08000aac   0x0000000c   Code   RO         2430    i.EXTI_ClearITPendingBit  stm32f10x_exti.o
    0x08000ab8   0x08000ab8   0x00000028   Code   RO         2434    i.EXTI_GetITStatus  stm32f10x_exti.o
    0x08000ae0   0x08000ae0   0x00000116   Code   RO         1285    i.GPIO_Init         stm32f10x_gpio.o
    0x08000bf6   0x08000bf6   0x00000002   PAD
    0x08000bf8   0x08000bf8   0x0000004c   Code   RO          763    i.GPIO_Init_01      control.o
    0x08000c44   0x08000c44   0x00000090   Code   RO         1287    i.GPIO_PinRemapConfig  stm32f10x_gpio.o
    0x08000cd4   0x08000cd4   0x00000012   Code   RO         1289    i.GPIO_ReadInputDataBit  stm32f10x_gpio.o
    0x08000ce6   0x08000ce6   0x00000004   Code   RO         1292    i.GPIO_ResetBits    stm32f10x_gpio.o
    0x08000cea   0x08000cea   0x00000004   Code   RO         1293    i.GPIO_SetBits      stm32f10x_gpio.o
    0x08000cee   0x08000cee   0x00000004   Code   RO          240    i.HardFault_Handler  stm32f10x_it.o
    0x08000cf2   0x08000cf2   0x00000002   PAD
    0x08000cf4   0x08000cf4   0x0000003c   Code   RO         1038    i.Initial           method_control.o
    0x08000d30   0x08000d30   0x0000000c   Code   RO         1039    i.Initial_target    method_control.o
    0x08000d3c   0x08000d3c   0x00000060   Code   RO          565    i.KEY_Init          time.o
    0x08000d9c   0x08000d9c   0x0000009c   Code   RO          566    i.KEY_Scan          time.o
    0x08000e38   0x08000e38   0x00000010   Code   RO          720    i.MOTO1             motor.o
    0x08000e48   0x08000e48   0x00000010   Code   RO          721    i.MOTO2             motor.o
    0x08000e58   0x08000e58   0x00000004   Code   RO          241    i.MemManage_Handler  stm32f10x_it.o
    0x08000e5c   0x08000e5c   0x00000002   Code   RO          242    i.NMI_Handler       stm32f10x_it.o
    0x08000e5e   0x08000e5e   0x0000000c   Code   RO         2705    i.NVIC_Configuration  sys.o
    0x08000e6a   0x08000e6a   0x00000002   PAD
    0x08000e6c   0x08000e6c   0x00000070   Code   RO         1393    i.NVIC_Init         misc.o
    0x08000edc   0x08000edc   0x00000014   Code   RO         1394    i.NVIC_PriorityGroupConfig  misc.o
    0x08000ef0   0x08000ef0   0x00000040   Code   RO          944    i.OLED_Clear        oled.o
    0x08000f30   0x08000f30   0x0000017c   Code   RO          948    i.OLED_Init         oled.o
    0x080010ac   0x080010ac   0x0000002e   Code   RO          949    i.OLED_Set_Pos      oled.o
    0x080010da   0x080010da   0x00000002   PAD
    0x080010dc   0x080010dc   0x000000a4   Code   RO          951    i.OLED_ShowChar     oled.o
    0x08001180   0x08001180   0x00000088   Code   RO          952    i.OLED_ShowNum      oled.o
    0x08001208   0x08001208   0x0000003a   Code   RO          953    i.OLED_ShowString   oled.o
    0x08001242   0x08001242   0x00000002   PAD
    0x08001244   0x08001244   0x0000018c   Code   RO          954    i.OLED_Showdecimal  oled.o
    0x080013d0   0x080013d0   0x00000074   Code   RO          955    i.OLED_WR_Byte      oled.o
    0x08001444   0x08001444   0x000000e8   Code   RO         1113    i.PID_Init          pid_szj.o
    0x0800152c   0x0800152c   0x000000b4   Code   RO         1114    i.PID_calculate     pid_szj.o
    0x080015e0   0x080015e0   0x00000028   Code   RO         1115    i.PWM_Restrict      pid_szj.o
    0x08001608   0x08001608   0x00000002   Code   RO          243    i.PendSV_Handler    stm32f10x_it.o
    0x0800160a   0x0800160a   0x00000002   PAD
    0x0800160c   0x0800160c   0x00000100   Code   RO         1116    i.Position_FeedbackControl  pid_szj.o
    0x0800170c   0x0800170c   0x00000020   Code   RO         2158    i.RCC_AHBPeriphClockCmd  stm32f10x_rcc.o
    0x0800172c   0x0800172c   0x00000020   Code   RO         2159    i.RCC_APB1PeriphClockCmd  stm32f10x_rcc.o
    0x0800174c   0x0800174c   0x00000020   Code   RO         2160    i.RCC_APB1PeriphResetCmd  stm32f10x_rcc.o
    0x0800176c   0x0800176c   0x00000020   Code   RO         2161    i.RCC_APB2PeriphClockCmd  stm32f10x_rcc.o
    0x0800178c   0x0800178c   0x00000020   Code   RO         2162    i.RCC_APB2PeriphResetCmd  stm32f10x_rcc.o
    0x080017ac   0x080017ac   0x000000d4   Code   RO         2169    i.RCC_GetClocksFreq  stm32f10x_rcc.o
    0x08001880   0x08001880   0x000000b8   Code   RO          568    i.Read_Velocity     time.o
    0x08001938   0x08001938   0x00000002   Code   RO          244    i.SVC_Handler       stm32f10x_it.o
    0x0800193a   0x0800193a   0x00000002   PAD
    0x0800193c   0x0800193c   0x00000090   Code   RO         1118    i.SetPWM_Position   pid_szj.o
    0x080019cc   0x080019cc   0x00000008   Code   RO          384    i.SetSysClock       system_stm32f10x.o
    0x080019d4   0x080019d4   0x000000e0   Code   RO          385    i.SetSysClockTo72   system_stm32f10x.o
    0x08001ab4   0x08001ab4   0x00000028   Code   RO         1397    i.SysTick_CLKSourceConfig  misc.o
    0x08001adc   0x08001adc   0x00000002   Code   RO          245    i.SysTick_Handler   stm32f10x_it.o
    0x08001ade   0x08001ade   0x00000002   PAD
    0x08001ae0   0x08001ae0   0x00000060   Code   RO          387    i.SystemInit        system_stm32f10x.o
    0x08001b40   0x08001b40   0x00000080   Code   RO         1429    i.TI1_Config        stm32f10x_tim.o
    0x08001bc0   0x08001bc0   0x00000098   Code   RO         1430    i.TI2_Config        stm32f10x_tim.o
    0x08001c58   0x08001c58   0x00000090   Code   RO         1431    i.TI3_Config        stm32f10x_tim.o
    0x08001ce8   0x08001ce8   0x00000098   Code   RO         1432    i.TI4_Config        stm32f10x_tim.o
    0x08001d80   0x08001d80   0x000000cc   Code   RO          571    i.TIM1_Init         time.o
    0x08001e4c   0x08001e4c   0x00000014   Code   RO          572    i.TIM2_IRQHandler   time.o
    0x08001e60   0x08001e60   0x000000d4   Code   RO          573    i.TIM2_Int_Init     time.o
    0x08001f34   0x08001f34   0x0000001c   Code   RO          574    i.TIM3_IRQHandler   time.o
    0x08001f50   0x08001f50   0x000000b4   Code   RO          575    i.TIM3_Int_Init     time.o
    0x08002004   0x08002004   0x00000018   Code   RO          576    i.TIM4_IRQHandler   time.o
    0x0800201c   0x0800201c   0x000000a8   Code   RO          577    i.TIM4_Int_Init     time.o
    0x080020c4   0x080020c4   0x00000018   Code   RO          578    i.TIM5_IRQHandler   time.o
    0x080020dc   0x080020dc   0x000000a8   Code   RO          579    i.TIM5_Int_Init     time.o
    0x08002184   0x08002184   0x0000039c   Code   RO            5    i.TIM6_IRQHandler   main.o
    0x08002520   0x08002520   0x00000064   Code   RO          580    i.TIM6_Int_Init     time.o
    0x08002584   0x08002584   0x000001bc   Code   RO          581    i.TIM7_IRQHandler   time.o
    0x08002740   0x08002740   0x00000018   Code   RO         1436    i.TIM_CCPreloadControl  stm32f10x_tim.o
    0x08002758   0x08002758   0x00000006   Code   RO         1439    i.TIM_ClearFlag     stm32f10x_tim.o
    0x0800275e   0x0800275e   0x00000006   Code   RO         1440    i.TIM_ClearITPendingBit  stm32f10x_tim.o
    0x08002764   0x08002764   0x00000018   Code   RO         1445    i.TIM_Cmd           stm32f10x_tim.o
    0x0800277c   0x0800277c   0x0000001e   Code   RO         1447    i.TIM_CtrlPWMOutputs  stm32f10x_tim.o
    0x0800279a   0x0800279a   0x00000002   PAD
    0x0800279c   0x0800279c   0x000001e8   Code   RO         1450    i.TIM_DeInit        stm32f10x_tim.o
    0x08002984   0x08002984   0x00000042   Code   RO         1454    i.TIM_EncoderInterfaceConfig  stm32f10x_tim.o
    0x080029c6   0x080029c6   0x00000012   Code   RO         1465    i.TIM_GetFlagStatus  stm32f10x_tim.o
    0x080029d8   0x080029d8   0x00000022   Code   RO         1466    i.TIM_GetITStatus   stm32f10x_tim.o
    0x080029fa   0x080029fa   0x00000002   PAD
    0x080029fc   0x080029fc   0x000000ac   Code   RO         1468    i.TIM_ICInit        stm32f10x_tim.o
    0x08002aa8   0x08002aa8   0x00000012   Code   RO         1469    i.TIM_ICStructInit  stm32f10x_tim.o
    0x08002aba   0x08002aba   0x00000012   Code   RO         1470    i.TIM_ITConfig      stm32f10x_tim.o
    0x08002acc   0x08002acc   0x00000098   Code   RO         1474    i.TIM_OC1Init       stm32f10x_tim.o
    0x08002b64   0x08002b64   0x00000012   Code   RO         1477    i.TIM_OC1PreloadConfig  stm32f10x_tim.o
    0x08002b76   0x08002b76   0x00000002   PAD
    0x08002b78   0x08002b78   0x000000a4   Code   RO         1479    i.TIM_OC2Init       stm32f10x_tim.o
    0x08002c1c   0x08002c1c   0x0000001a   Code   RO         1482    i.TIM_OC2PreloadConfig  stm32f10x_tim.o
    0x08002c36   0x08002c36   0x00000002   PAD
    0x08002c38   0x08002c38   0x000000a0   Code   RO         1484    i.TIM_OC3Init       stm32f10x_tim.o
    0x08002cd8   0x08002cd8   0x00000012   Code   RO         1487    i.TIM_OC3PreloadConfig  stm32f10x_tim.o
    0x08002cea   0x08002cea   0x00000002   PAD
    0x08002cec   0x08002cec   0x0000007c   Code   RO         1489    i.TIM_OC4Init       stm32f10x_tim.o
    0x08002d68   0x08002d68   0x0000001a   Code   RO         1491    i.TIM_OC4PreloadConfig  stm32f10x_tim.o
    0x08002d82   0x08002d82   0x00000004   Code   RO         1510    i.TIM_SetCounter    stm32f10x_tim.o
    0x08002d86   0x08002d86   0x00000012   Code   RO         1511    i.TIM_SetIC1Prescaler  stm32f10x_tim.o
    0x08002d98   0x08002d98   0x0000001a   Code   RO         1512    i.TIM_SetIC2Prescaler  stm32f10x_tim.o
    0x08002db2   0x08002db2   0x00000012   Code   RO         1513    i.TIM_SetIC3Prescaler  stm32f10x_tim.o
    0x08002dc4   0x08002dc4   0x0000001a   Code   RO         1514    i.TIM_SetIC4Prescaler  stm32f10x_tim.o
    0x08002dde   0x08002dde   0x00000002   PAD
    0x08002de0   0x08002de0   0x000000a4   Code   RO         1516    i.TIM_TimeBaseInit  stm32f10x_tim.o
    0x08002e84   0x08002e84   0x00000012   Code   RO         1517    i.TIM_TimeBaseStructInit  stm32f10x_tim.o
    0x08002e96   0x08002e96   0x00000002   PAD
    0x08002e98   0x08002e98   0x00000014   Code   RO          584    i.Timer3ARRValue    time.o
    0x08002eac   0x08002eac   0x00000098   Code   RO         2745    i.UART4_IRQHandler  usart.o
    0x08002f44   0x08002f44   0x0000006c   Code   RO         2747    i.UART5_IRQHandler  usart.o
    0x08002fb0   0x08002fb0   0x00000098   Code   RO         2748    i.USART3_IRQHandler  usart.o
    0x08003048   0x08003048   0x00000050   Code   RO         2749    i.USART3_Receive_Data  usart.o
    0x08003098   0x08003098   0x00000012   Code   RO         1977    i.USART_ClearFlag   stm32f10x_usart.o
    0x080030aa   0x080030aa   0x00000018   Code   RO         1981    i.USART_Cmd         stm32f10x_usart.o
    0x080030c2   0x080030c2   0x00000012   Code   RO         1982    i.USART_DMACmd      stm32f10x_usart.o
    0x080030d4   0x080030d4   0x00000054   Code   RO         1985    i.USART_GetITStatus  stm32f10x_usart.o
    0x08003128   0x08003128   0x0000004a   Code   RO         1987    i.USART_ITConfig    stm32f10x_usart.o
    0x08003172   0x08003172   0x00000002   PAD
    0x08003174   0x08003174   0x000000d8   Code   RO         1988    i.USART_Init        stm32f10x_usart.o
    0x0800324c   0x0800324c   0x0000000a   Code   RO         1995    i.USART_ReceiveData  stm32f10x_usart.o
    0x08003256   0x08003256   0x00000004   Code   RO          246    i.UsageFault_Handler  stm32f10x_it.o
    0x0800325a   0x0800325a   0x00000002   PAD
    0x0800325c   0x0800325c   0x000000cc   Code   RO         1119    i.Velocity_FeedbackControl  pid_szj.o
    0x08003328   0x08003328   0x00000090   Code   RO            6    i.Yaw_angle         main.o
    0x080033b8   0x080033b8   0x00000004   Code   RO         2750    i._sys_exit         usart.o
    0x080033bc   0x080033bc   0x00000048   Code   RO         1040    i.angle__           method_control.o
    0x08003404   0x08003404   0x00000054   Code   RO          767    i.back              control.o
    0x08003458   0x08003458   0x00000058   Code   RO         1120    i.clean             pid_szj.o
    0x080034b0   0x080034b0   0x00000018   Code   RO         1121    i.clear_yaw         pid_szj.o
    0x080034c8   0x080034c8   0x00000044   Code   RO         2717    i.delay_init        delay.o
    0x0800350c   0x0800350c   0x0000004c   Code   RO         2718    i.delay_ms          delay.o
    0x08003558   0x08003558   0x0000004c   Code   RO         2719    i.delay_us          delay.o
    0x080035a4   0x080035a4   0x00000054   Code   RO          768    i.go                control.o
    0x080035f8   0x080035f8   0x000002d8   Code   RO         1122    i.gogogo_test       pid_szj.o
    0x080038d0   0x080038d0   0x00000684   Code   RO         1041    i.goo               method_control.o
    0x08003f54   0x08003f54   0x000004bc   Code   RO         1043    i.judge_1           method_control.o
    0x08004410   0x08004410   0x00000028   Code   RO          769    i.left              control.o
    0x08004438   0x08004438   0x00000028   Code   RO          770    i.left1_f           control.o
    0x08004460   0x08004460   0x00000028   Code   RO          771    i.left1_z           control.o
    0x08004488   0x08004488   0x00000028   Code   RO          772    i.left2_f           control.o
    0x080044b0   0x080044b0   0x00000028   Code   RO          773    i.left2_z           control.o
    0x080044d8   0x080044d8   0x00000014   Code   RO          775    i.left_1            control.o
    0x080044ec   0x080044ec   0x0000005c   Code   RO            9    i.lvbo_1            main.o
    0x08004548   0x08004548   0x000009c8   Code   RO           10    i.main              main.o
    0x08004f10   0x08004f10   0x00000016   Code   RO          956    i.oled_pow          oled.o
    0x08004f26   0x08004f26   0x00000002   PAD
    0x08004f28   0x08004f28   0x00000028   Code   RO          777    i.right             control.o
    0x08004f50   0x08004f50   0x00000024   Code   RO          778    i.right1_f          control.o
    0x08004f74   0x08004f74   0x00000024   Code   RO          779    i.right1_z          control.o
    0x08004f98   0x08004f98   0x00000028   Code   RO          780    i.right2_f          control.o
    0x08004fc0   0x08004fc0   0x00000028   Code   RO          781    i.right2_z          control.o
    0x08004fe8   0x08004fe8   0x00000014   Code   RO          783    i.right_1           control.o
    0x08004ffc   0x08004ffc   0x00000014   Code   RO         1045    i.set_purpose_positon  method_control.o
    0x08005010   0x08005010   0x00000054   Code   RO          784    i.slowdown          control.o
    0x08005064   0x08005064   0x00000054   Code   RO          785    i.slowdown_1        control.o
    0x080050b8   0x080050b8   0x00000024   Code   RO         1046    i.to_zero_pulse     method_control.o
    0x080050dc   0x080050dc   0x000000a8   Code   RO         2752    i.uart_5            usart.o
    0x08005184   0x08005184   0x000000b0   Code   RO         2753    i.uart_IMU_init     usart.o
    0x08005234   0x08005234   0x000000b0   Code   RO         2754    i.uart_OpenMv_init  usart.o
    0x080052e4   0x080052e4   0x00000062   Code   RO         2915    x$fpl$d2f           fz_ws.l(d2f.o)
    0x08005346   0x08005346   0x00000002   PAD
    0x08005348   0x08005348   0x00000150   Code   RO         2917    x$fpl$dadd          fz_ws.l(daddsub_clz.o)
    0x08005498   0x08005498   0x00000018   Code   RO         3015    x$fpl$dcmpinf       fz_ws.l(dcmpi.o)
    0x080054b0   0x080054b0   0x000002b0   Code   RO         2924    x$fpl$ddiv          fz_ws.l(ddiv.o)
    0x08005760   0x08005760   0x0000005e   Code   RO         2927    x$fpl$dfix          fz_ws.l(dfix.o)
    0x080057be   0x080057be   0x0000002e   Code   RO         2932    x$fpl$dflt          fz_ws.l(dflt_clz.o)
    0x080057ec   0x080057ec   0x00000026   Code   RO         2931    x$fpl$dfltu         fz_ws.l(dflt_clz.o)
    0x08005812   0x08005812   0x00000002   PAD
    0x08005814   0x08005814   0x00000078   Code   RO         2937    x$fpl$dleqf         fz_ws.l(dleqf.o)
    0x0800588c   0x0800588c   0x00000154   Code   RO         2939    x$fpl$dmul          fz_ws.l(dmul.o)
    0x080059e0   0x080059e0   0x0000009c   Code   RO         3017    x$fpl$dnaninf       fz_ws.l(dnaninf.o)
    0x08005a7c   0x08005a7c   0x0000000c   Code   RO         3019    x$fpl$dretinf       fz_ws.l(dretinf.o)
    0x08005a88   0x08005a88   0x0000006c   Code   RO         2941    x$fpl$drleqf        fz_ws.l(drleqf.o)
    0x08005af4   0x08005af4   0x000001d4   Code   RO         2919    x$fpl$dsub          fz_ws.l(daddsub_clz.o)
    0x08005cc8   0x08005cc8   0x00000056   Code   RO         2943    x$fpl$f2d           fz_ws.l(f2d.o)
    0x08005d1e   0x08005d1e   0x00000002   PAD
    0x08005d20   0x08005d20   0x000000c4   Code   RO         2945    x$fpl$fadd          fz_ws.l(faddsub_clz.o)
    0x08005de4   0x08005de4   0x00000018   Code   RO         3021    x$fpl$fcmpinf       fz_ws.l(fcmpi.o)
    0x08005dfc   0x08005dfc   0x00000184   Code   RO         2952    x$fpl$fdiv          fz_ws.l(fdiv.o)
    0x08005f80   0x08005f80   0x00000036   Code   RO         2955    x$fpl$ffix          fz_ws.l(ffix.o)
    0x08005fb6   0x08005fb6   0x00000002   PAD
    0x08005fb8   0x08005fb8   0x0000003e   Code   RO         2959    x$fpl$ffixu         fz_ws.l(ffixu.o)
    0x08005ff6   0x08005ff6   0x00000002   PAD
    0x08005ff8   0x08005ff8   0x00000030   Code   RO         2964    x$fpl$fflt          fz_ws.l(fflt_clz.o)
    0x08006028   0x08006028   0x00000026   Code   RO         2963    x$fpl$ffltu         fz_ws.l(fflt_clz.o)
    0x0800604e   0x0800604e   0x00000002   PAD
    0x08006050   0x08006050   0x00000068   Code   RO         2969    x$fpl$fleqf         fz_ws.l(fleqf.o)
    0x080060b8   0x080060b8   0x00000102   Code   RO         2971    x$fpl$fmul          fz_ws.l(fmul.o)
    0x080061ba   0x080061ba   0x0000008c   Code   RO         3023    x$fpl$fnaninf       fz_ws.l(fnaninf.o)
    0x08006246   0x08006246   0x0000000a   Code   RO         3025    x$fpl$fretinf       fz_ws.l(fretinf.o)
    0x08006250   0x08006250   0x00000062   Code   RO         2973    x$fpl$frleqf        fz_ws.l(frleqf.o)
    0x080062b2   0x080062b2   0x00000014   Code   RO         2946    x$fpl$frsb          fz_ws.l(faddsub_clz.o)
    0x080062c6   0x080062c6   0x00000002   PAD
    0x080062c8   0x080062c8   0x000000ea   Code   RO         2947    x$fpl$fsub          fz_ws.l(faddsub_clz.o)
    0x080063b2   0x080063b2   0x00000000   Code   RO         3027    x$fpl$usenofp       fz_ws.l(usenofp.o)
    0x080063b2   0x080063b2   0x00000818   Data   RO          957    .constdata          oled.o
    0x08006bca   0x08006bca   0x00000002   PAD
    0x08006bcc   0x08006bcc   0x0000000f   Data   RO           15    .conststring        main.o
    0x08006bdb   0x08006bdb   0x00000001   PAD
    0x08006bdc   0x08006bdc   0x00000020   Data   RO         3203    Region$$Table       anon$$obj.o


    Execution Region RW_IRAM1 (Exec base: 0x20000000, Load base: 0x08006bfc, Size: 0x00001f48, Max: 0x00010000, ABSOLUTE, COMPRESSED[0x0000014c])

    Exec Addr    Load Addr    Size         Type   Attr      Idx    E Section Name        Object

    0x20000000   COMPRESSED   0x000001bc   Data   RW           16    .data               main.o
    0x200001bc   COMPRESSED   0x00000014   Data   RW          388    .data               system_stm32f10x.o
    0x200001d0   COMPRESSED   0x0000005c   Data   RW          586    .data               time.o
    0x2000022c   COMPRESSED   0x0000002c   Data   RW          786    .data               control.o
    0x20000258   COMPRESSED   0x00000020   Data   RW         1048    .data               method_control.o
    0x20000278   COMPRESSED   0x00000184   Data   RW         1125    .data               pid_szj.o
    0x200003fc   COMPRESSED   0x00000014   Data   RW         2189    .data               stm32f10x_rcc.o
    0x20000410   COMPRESSED   0x00000004   Data   RW         2720    .data               delay.o
    0x20000414   COMPRESSED   0x00000030   Data   RW         2757    .data               usart.o
    0x20000444        -       0x00000098   Zero   RW           14    .bss                main.o
    0x200004dc        -       0x00000020   Zero   RW         1124    .bss                pid_szj.o
    0x200004fc        -       0x000013ec   Zero   RW         2756    .bss                usart.o
    0x200018e8        -       0x00000060   Zero   RW         3031    .bss                c_w.l(libspace.o)
    0x20001948        -       0x00000200   Zero   RW          430    HEAP                startup_stm32f10x_hd.o
    0x20001b48        -       0x00000400   Zero   RW          429    STACK               startup_stm32f10x_hd.o


==============================================================================

Image component sizes


      Code (inc. data)   RO Data    RW Data    ZI Data      Debug   Object Name

      1824        246          0         44          0      12473   control.o
         0          0          0          0          0         32   core_cm3.o
       220         26          0          4          0       1803   delay.o
         0          0          0          0          0     215508   led.o
      3664        544         15        444        152     217896   main.o
      3080        302          0         32          0       6975   method_control.o
       172         22          0          0          0       2141   misc.o
        32          8          0          0          0       1028   motor.o
      1382         34       2072          0          0       7719   oled.o
      1896        312          0        388         32       8558   pid_szj.o
        64         26        304          0       1536        816   startup_stm32f10x_hd.o
       390         10          0          0          0       7613   stm32f10x_adc.o
       456         18          0          0          0       5204   stm32f10x_dma.o
        52         12          0          0          0       1176   stm32f10x_exti.o
       448          6          0          0          0       4622   stm32f10x_gpio.o
        26          0          0          0          0      57374   stm32f10x_it.o
       372         50          0         20          0       6320   stm32f10x_rcc.o
      2442        264          0          0          0      20874   stm32f10x_tim.o
       444          6          0          0          0       6315   stm32f10x_usart.o
        12          0          0          0          0        477   sys.o
       328         28          0         20          0       2197   system_stm32f10x.o
      2028        148          0         92          0      11931   time.o
      1212        110          0         48       5100       9678   usart.o

    ----------------------------------------------------------------------
     20584       2172       2426       1092       6820     608730   Object Totals
         0          0         32          0          0          0   (incl. Generated)
        40          0          3          0          0          0   (incl. Padding)

    ----------------------------------------------------------------------

      Code (inc. data)   RO Data    RW Data    ZI Data      Debug   Library Member Name

        90          0          0          0          0          0   __dczerorl2.o
         8          0          0          0          0         68   __main.o
         0          0          0          0          0          0   __rtentry.o
        12          0          0          0          0          0   __rtentry2.o
         6          0          0          0          0          0   __rtentry4.o
        52          8          0          0          0          0   __scatter.o
        28          0          0          0          0          0   __scatter_zi.o
        18          0          0          0          0         80   exit.o
         6          0          0          0          0        152   heapauxi.o
         2          0          0          0          0          0   libinit.o
         2          0          0          0          0          0   libinit2.o
         2          0          0          0          0          0   libshutdown.o
         2          0          0          0          0          0   libshutdown2.o
         8          4          0          0         96         68   libspace.o
         2          0          0          0          0          0   rtexit.o
        10          0          0          0          0          0   rtexit2.o
        74          0          0          0          0         80   sys_stackheap_outer.o
         2          0          0          0          0         68   use_no_semi.o
         2          0          0          0          0         68   use_no_semi_2.o
        98          4          0          0          0         92   d2f.o
       804         16          0          0          0        272   daddsub_clz.o
        24          0          0          0          0         68   dcmpi.o
       688        140          0          0          0        208   ddiv.o
        94          4          0          0          0         92   dfix.o
        84          0          0          0          0        136   dflt_clz.o
       120          4          0          0          0         92   dleqf.o
       340         12          0          0          0        104   dmul.o
       156          4          0          0          0         92   dnaninf.o
        12          0          0          0          0         68   dretinf.o
       108          0          0          0          0         80   drleqf.o
        86          4          0          0          0         84   f2d.o
       450          8          0          0          0        236   faddsub_clz.o
        24          0          0          0          0         68   fcmpi.o
       388         76          0          0          0         96   fdiv.o
        54          4          0          0          0         84   ffix.o
        62          4          0          0          0         84   ffixu.o
        86          0          0          0          0        136   fflt_clz.o
       104          4          0          0          0         84   fleqf.o
       258          4          0          0          0         84   fmul.o
       140          4          0          0          0         84   fnaninf.o
        10          0          0          0          0         68   fretinf.o
        98          0          0          0          0         68   frleqf.o
         0          0          0          0          0          0   usenofp.o

    ----------------------------------------------------------------------
      4634        304          0          0         96       3064   Library Totals
        20          0          0          0          0          0   (incl. Padding)

    ----------------------------------------------------------------------

      Code (inc. data)   RO Data    RW Data    ZI Data      Debug   Library Name

       326         12          0          0         96        584   c_w.l
      4288        292          0          0          0       2480   fz_ws.l

    ----------------------------------------------------------------------
      4634        304          0          0         96       3064   Library Totals

    ----------------------------------------------------------------------

==============================================================================


      Code (inc. data)   RO Data    RW Data    ZI Data      Debug   

     25218       2476       2426       1092       6916     601962   Grand Totals
     25218       2476       2426        332       6916     601962   ELF Image Totals (compressed)
     25218       2476       2426        332          0          0   ROM Totals

==============================================================================

    Total RO  Size (Code + RO Data)                27644 (  27.00kB)
    Total RW  Size (RW Data + ZI Data)              8008 (   7.82kB)
    Total ROM Size (Code + RO Data + RW Data)      27976 (  27.32kB)

==============================================================================

